Archive member included because of file (symbol)

.\CortexM0\ARM_GCC_484\Debug\BLE Lab 2.a(cyfitter_cfg.o)
                              .\CortexM0\ARM_GCC_484\Debug\Cm0Start.o (cyfitter_cfg)
.\CortexM0\ARM_GCC_484\Debug\BLE Lab 2.a(PWM.o)
                              .\CortexM0\ARM_GCC_484\Debug\main.o (PWM_WriteCompare)
.\CortexM0\ARM_GCC_484\Debug\BLE Lab 2.a(BLE.o)
                              .\CortexM0\ARM_GCC_484\Debug\main.o (CyBle_Start)
.\CortexM0\ARM_GCC_484\Debug\BLE Lab 2.a(BLE_gatt.o)
                              .\CortexM0\ARM_GCC_484\Debug\BLE Lab 2.a(BLE.o) (cyBle_state)
.\CortexM0\ARM_GCC_484\Debug\BLE Lab 2.a(BLE_ias.o)
                              .\CortexM0\ARM_GCC_484\Debug\BLE Lab 2.a(BLE.o) (CyBle_IasInit)
.\CortexM0\ARM_GCC_484\Debug\BLE Lab 2.a(BLE_eventHandler.o)
                              .\CortexM0\ARM_GCC_484\Debug\BLE Lab 2.a(BLE.o) (cyBle_eventHandlerFlag)
.\CortexM0\ARM_GCC_484\Debug\BLE Lab 2.a(BLE_dis.o)
                              .\CortexM0\ARM_GCC_484\Debug\BLE Lab 2.a(BLE.o) (CyBle_DisInit)
.\CortexM0\ARM_GCC_484\Debug\BLE Lab 2.a(CyBootAsmGnu.o)
                              .\CortexM0\ARM_GCC_484\Debug\BLE Lab 2.a(PWM.o) (CyEnterCriticalSection)
.\CortexM0\ARM_GCC_484\Debug\BLE Lab 2.a(CyLib.o)
                              .\CortexM0\ARM_GCC_484\Debug\BLE Lab 2.a(cyfitter_cfg.o) (CyDelayUs)
C:\Program Files (x86)\Cypress\PSoC Creator\3.1\PSoC Creator\psoc\content\cycomponentlibraryupdates\CyComponentLibraryUpdates.cylib\BLE_v1_10\Library\gccCyBLEStack_BLE_SOC_PERIPHERAL.a(CyBle.o)
                              .\CortexM0\ARM_GCC_484\Debug\main.o (CyBle_ProcessEvents)
C:\Program Files (x86)\Cypress\PSoC Creator\3.1\PSoC Creator\psoc\content\cycomponentlibraryupdates\CyComponentLibraryUpdates.cylib\BLE_v1_10\Library\gccCyBLEStack_BLE_SOC_PERIPHERAL.a(CyBleStackMgrIP_Interface.o)
                              C:\Program Files (x86)\Cypress\PSoC Creator\3.1\PSoC Creator\psoc\content\cycomponentlibraryupdates\CyComponentLibraryUpdates.cylib\BLE_v1_10\Library\gccCyBLEStack_BLE_SOC_PERIPHERAL.a(CyBle.o) (CyBleStackMgr_BleGetConfigData)
C:\Program Files (x86)\Cypress\PSoC Creator\3.1\PSoC Creator\psoc\content\cycomponentlibraryupdates\CyComponentLibraryUpdates.cylib\BLE_v1_10\Library\gccCyBLEStack_BLE_SOC_PERIPHERAL.a(BT_os.o)
                              C:\Program Files (x86)\Cypress\PSoC Creator\3.1\PSoC Creator\psoc\content\cycomponentlibraryupdates\CyComponentLibraryUpdates.cylib\BLE_v1_10\Library\gccCyBLEStack_BLE_SOC_PERIPHERAL.a(CyBleStackMgrIP_Interface.o) (bt_stack_init_os)
C:\Program Files (x86)\Cypress\PSoC Creator\3.1\PSoC Creator\psoc\content\cycomponentlibraryupdates\CyComponentLibraryUpdates.cylib\BLE_v1_10\Library\gccCyBLEStack_BLE_SOC_PERIPHERAL.a(CyBleStackMgr_StackTaskHandler.o)
                              C:\Program Files (x86)\Cypress\PSoC Creator\3.1\PSoC Creator\psoc\content\cycomponentlibraryupdates\CyComponentLibraryUpdates.cylib\BLE_v1_10\Library\gccCyBLEStack_BLE_SOC_PERIPHERAL.a(CyBleStackMgrIP_Interface.o) (CyBle_CreateBleStackTask)
C:\Program Files (x86)\Cypress\PSoC Creator\3.1\PSoC Creator\psoc\content\cycomponentlibraryupdates\CyComponentLibraryUpdates.cylib\BLE_v1_10\Library\gccCyBLEStack_BLE_SOC_PERIPHERAL.a(transport_sf.o)
                              C:\Program Files (x86)\Cypress\PSoC Creator\3.1\PSoC Creator\psoc\content\cycomponentlibraryupdates\CyComponentLibraryUpdates.cylib\BLE_v1_10\Library\gccCyBLEStack_BLE_SOC_PERIPHERAL.a(CyBleStackMgr_StackTaskHandler.o) (hci_soft_transport_notify_data_received)
C:\Program Files (x86)\Cypress\PSoC Creator\3.1\PSoC Creator\psoc\content\cycomponentlibraryupdates\CyComponentLibraryUpdates.cylib\BLE_v1_10\Library\gccCyBLEStack_BLE_SOC_PERIPHERAL.a(CyBleStackMgr_PSoCHal.o)
                              C:\Program Files (x86)\Cypress\PSoC Creator\3.1\PSoC Creator\psoc\content\cycomponentlibraryupdates\CyComponentLibraryUpdates.cylib\BLE_v1_10\Library\gccCyBLEStack_BLE_SOC_PERIPHERAL.a(CyBleStackMgrIP_Interface.o) (CyBleStackMgr_HalInit)
C:\Program Files (x86)\Cypress\PSoC Creator\3.1\PSoC Creator\psoc\content\cycomponentlibraryupdates\CyComponentLibraryUpdates.cylib\BLE_v1_10\Library\gccCyBLEStack_BLE_SOC_PERIPHERAL.a(CyBleStackMgr_BleSSDriver.o)
                              C:\Program Files (x86)\Cypress\PSoC Creator\3.1\PSoC Creator\psoc\content\cycomponentlibraryupdates\CyComponentLibraryUpdates.cylib\BLE_v1_10\Library\gccCyBLEStack_BLE_SOC_PERIPHERAL.a(CyBleStackMgrIP_Interface.o) (CyBleStackMgr_BleSSInit)
C:\Program Files (x86)\Cypress\PSoC Creator\3.1\PSoC Creator\psoc\content\cycomponentlibraryupdates\CyComponentLibraryUpdates.cylib\BLE_v1_10\Library\gccCyBLEStack_BLE_SOC_PERIPHERAL.a(config_bin.o)
                              C:\Program Files (x86)\Cypress\PSoC Creator\3.1\PSoC Creator\psoc\content\cycomponentlibraryupdates\CyComponentLibraryUpdates.cylib\BLE_v1_10\Library\gccCyBLEStack_BLE_SOC_PERIPHERAL.a(CyBleStackMgr_PSoCHal.o) (bt_cfg_pdata)
[...]
Memory Configuration

Name             Origin             Length             Attributes
rom              0x00000000         0x00020000         xr
ram              0x20000000         0x00004000         xrw
*default*        0x00000000         0xffffffff

Linker script and memory map

LOAD c:/program files (x86)/cypress/psoc creator/3.1/psoc creator/import/gnu_cs/arm/4.8.4/bin/../lib/gcc/arm-none-eabi/4.8.4/armv6-m/crti.o
LOAD c:/program files (x86)/cypress/psoc creator/3.1/psoc creator/import/gnu_cs/arm/4.8.4/bin/../lib/gcc/arm-none-eabi/4.8.4/armv6-m/crtbegin.o
LOAD c:/program files (x86)/cypress/psoc creator/3.1/psoc creator/import/gnu_cs/arm/4.8.4/bin/../lib/gcc/arm-none-eabi/4.8.4/../../../../arm-none-eabi/lib/armv6-m/crt0.o
START GROUP
LOAD .\CortexM0\ARM_GCC_484\Debug\main.o
LOAD .\CortexM0\ARM_GCC_484\Debug\cymetadata.o
LOAD .\CortexM0\ARM_GCC_484\Debug\Cm0Start.o
LOAD .\CortexM0\ARM_GCC_484\Debug\BLE Lab 2.a
LOAD C:\Program Files (x86)\Cypress\PSoC Creator\3.1\PSoC Creator\psoc\content\cycomponentlibraryupdates\CyComponentLibraryUpdates.cylib\BLE_v1_10\Library\gccCyBLEStack_BLE_SOC_PERIPHERAL.a
LOAD C:\Program Files (x86)\Cypress\PSoC Creator\3.1\PSoC Creator\psoc\content\cycomponentlibrary\CyComponentLibrary.cylib\CortexM0\ARM_GCC_484\Debug\CyComponentLibrary.a
END GROUP
START GROUP
LOAD c:/program files (x86)/cypress/psoc creator/3.1/psoc creator/import/gnu_cs/arm/4.8.4/bin/../lib/gcc/arm-none-eabi/4.8.4/armv6-m\libgcc.a
LOAD c:/program files (x86)/cypress/psoc creator/3.1/psoc creator/import/gnu_cs/arm/4.8.4/bin/../lib/gcc/arm-none-eabi/4.8.4/../../../../arm-none-eabi/lib/armv6-m\libg_s.a
LOAD c:/program files (x86)/cypress/psoc creator/3.1/psoc creator/import/gnu_cs/arm/4.8.4/bin/../lib/gcc/arm-none-eabi/4.8.4/../../../../arm-none-eabi/lib/armv6-m\libc_s.a
END GROUP
START GROUP
LOAD c:/program files (x86)/cypress/psoc creator/3.1/psoc creator/import/gnu_cs/arm/4.8.4/bin/../lib/gcc/arm-none-eabi/4.8.4/armv6-m\libgcc.a
LOAD c:/program files (x86)/cypress/psoc creator/3.1/psoc creator/import/gnu_cs/arm/4.8.4/bin/../lib/gcc/arm-none-eabi/4.8.4/../../../../arm-none-eabi/lib/armv6-m\libc_s.a
END GROUP
LOAD c:/program files (x86)/cypress/psoc creator/3.1/psoc creator/import/gnu_cs/arm/4.8.4/bin/../lib/gcc/arm-none-eabi/4.8.4/armv6-m/crtend.o
LOAD c:/program files (x86)/cypress/psoc creator/3.1/psoc creator/import/gnu_cs/arm/4.8.4/bin/../lib/gcc/arm-none-eabi/4.8.4/armv6-m/crtn.o
START GROUP
LOAD c:/program files (x86)/cypress/psoc creator/3.1/psoc creator/import/gnu_cs/arm/4.8.4/bin/../lib/gcc/arm-none-eabi/4.8.4/armv6-m\libgcc.a
LOAD c:/program files (x86)/cypress/psoc creator/3.1/psoc creator/import/gnu_cs/arm/4.8.4/bin/../lib/gcc/arm-none-eabi/4.8.4/../../../../arm-none-eabi/lib/armv6-m\libc.a
LOAD c:/program files (x86)/cypress/psoc creator/3.1/psoc creator/import/gnu_cs/arm/4.8.4/bin/../lib/gcc/arm-none-eabi/4.8.4/../../../../arm-none-eabi/lib/armv6-m\libnosys.a
END GROUP
                0x00000000                CY_APPL_ORIGIN = 0x0
                0x00000080                CY_FLASH_ROW_SIZE = 0x80
                0x00000001                CY_APPL_NUM = 0x1
                0x00000040                CY_METADATA_SIZE = 0x40
                0x200024b8                PROVIDE (__cy_heap_start, _end)
                0x00000001                PROVIDE (__cy_region_num, ((__cy_regions_end - __cy_regions) / 0x10))
                0x20004000                PROVIDE (__cy_stack, (ORIGIN (ram) + 0x4000))
                0x20003800                PROVIDE (__cy_heap_end, (__cy_stack - 0x800))

.cybootloader   0x00000000        0x0
 *(.cybootloader)
                0x00000000                appl1_start = CY_APPL_ORIGIN?CY_APPL_ORIGIN:ALIGN (CY_FLASH_ROW_SIZE)
                0x0000ff80                appl2_start = (appl1_start + ALIGN ((((0x20000 - appl1_start) - (0x2 * CY_FLASH_ROW_SIZE)) / 0x2), CY_FLASH_ROW_SIZE))
                0x00000000                appl_start = (CY_APPL_NUM == 0x1)?appl1_start:appl2_start

.text           0x00000000     0x1410
 CREATE_OBJECT_SYMBOLS
                0x00000000                PROVIDE (__cy_interrupt_vector, RomVectors)
 *(.romvectors)
 .romvectors    0x00000000       0x10 .\CortexM0\ARM_GCC_484\Debug\Cm0Start.o
                0x00000000                RomVectors
                0x00000001                ASSERT ((. != __cy_interrupt_vector), No interrupt vector)
                0x00000001                ASSERT (CY_APPL_ORIGIN?(SIZEOF (.cybootloader) <= CY_APPL_ORIGIN):0x1, Wrong image location)
                0x00000010                PROVIDE (__cy_reset, Reset)
 *(.text.Reset)
 .text.Reset    0x00000010        0x8 .\CortexM0\ARM_GCC_484\Debug\Cm0Start.o
                0x00000010                Reset
                0x00000001                ASSERT ((. != __cy_reset), No reset code)
 *(.psocinit)
 .psocinit      0x00000018      0x2ac .\CortexM0\ARM_GCC_484\Debug\BLE Lab 2.a(cyfitter_cfg.o)
                0x00000198                cyfitter_cfg
                0x000002c4                . = MAX (., 0x100)
 *(.text .text.* .gnu.linkonce.t.*)
 .text          0x000002c4       0x60 c:/program files (x86)/cypress/psoc creator/3.1/psoc creator/import/gnu_cs/arm/4.8.4/bin/../lib/gcc/arm-none-eabi/4.8.4/armv6-m/crtbegin.o
 .text.main     0x00000324       0x28 .\CortexM0\ARM_GCC_484\Debug\main.o
                0x00000324                main
 .text.StackEventHandler
                0x0000034c       0x24 .\CortexM0\ARM_GCC_484\Debug\main.o
                0x0000034c                StackEventHandler
 .text.IasEventHandler
                0x00000370       0x34 .\CortexM0\ARM_GCC_484\Debug\main.o
                0x00000370                IasEventHandler
 .text.HandleAlertLEDs
                0x000003a4       0x40 .\CortexM0\ARM_GCC_484\Debug\main.o
                0x000003a4                HandleAlertLEDs
 .text.IntDefaultHandler
                0x000003e4        0x8 .\CortexM0\ARM_GCC_484\Debug\Cm0Start.o
                0x000003e4                IntDefaultHandler
 .text.Start_c  0x000003ec       0x98 .\CortexM0\ARM_GCC_484\Debug\Cm0Start.o
                0x000003ec                Start_c
 .text.initialize_psoc
                0x00000484       0x70 .\CortexM0\ARM_GCC_484\Debug\Cm0Start.o
                0x00000484                initialize_psoc
 .text.CYMEMZERO
                0x000004f4       0x20 .\CortexM0\ARM_GCC_484\Debug\BLE Lab 2.a(cyfitter_cfg.o)
 .text.cfg_write_bytes32
                0x00000514       0x80 .\CortexM0\ARM_GCC_484\Debug\BLE Lab 2.a(cyfitter_cfg.o)
 .text.AnalogSetDefault
                0x00000594       0x28 .\CortexM0\ARM_GCC_484\Debug\BLE Lab 2.a(cyfitter_cfg.o)
 .text.PWM_Init
                0x000005bc       0x58 .\CortexM0\ARM_GCC_484\Debug\BLE Lab 2.a(PWM.o)
                0x000005bc                PWM_Init
 .text.PWM_Enable
                0x00000614       0x38 .\CortexM0\ARM_GCC_484\Debug\BLE Lab 2.a(PWM.o)
                0x00000614                PWM_Enable
 .text.PWM_Start
                0x0000064c       0x24 .\CortexM0\ARM_GCC_484\Debug\BLE Lab 2.a(PWM.o)
                0x0000064c                PWM_Start
 .text.PWM_WriteCounter
                0x00000670       0x1c .\CortexM0\ARM_GCC_484\Debug\BLE Lab 2.a(PWM.o)
                0x00000670                PWM_WriteCounter
 .text.PWM_WritePeriod
                0x0000068c       0x1c .\CortexM0\ARM_GCC_484\Debug\BLE Lab 2.a(PWM.o)
                0x0000068c                PWM_WritePeriod
 .text.PWM_WriteCompare
                0x000006a8       0x1c .\CortexM0\ARM_GCC_484\Debug\BLE Lab 2.a(PWM.o)
                0x000006a8                PWM_WriteCompare
 .text.PWM_TriggerCommand
                0x000006c4       0x3c .\CortexM0\ARM_GCC_484\Debug\BLE Lab 2.a(PWM.o)
                0x000006c4                PWM_TriggerCommand
 .text.PWM_SetInterruptMode
                0x00000700       0x18 .\CortexM0\ARM_GCC_484\Debug\BLE Lab 2.a(PWM.o)
                0x00000700                PWM_SetInterruptMode
 .text.CyBle_Init
                0x00000718       0x2c .\CortexM0\ARM_GCC_484\Debug\BLE Lab 2.a(BLE.o)
                0x00000718                CyBle_Init
 .text.CyBle_ServiceInit
                0x00000744       0x10 .\CortexM0\ARM_GCC_484\Debug\BLE Lab 2.a(BLE.o)
                0x00000744                CyBle_ServiceInit
 .text.CyBle_Start
                0x00000754       0x90 .\CortexM0\ARM_GCC_484\Debug\BLE Lab 2.a(BLE.o)
                0x00000754                CyBle_Start
 .text.CyBle_GappStartAdvertisement
                0x000007e4       0xc4 .\CortexM0\ARM_GCC_484\Debug\BLE Lab 2.a(BLE.o)
                0x000007e4                CyBle_GappStartAdvertisement
 .text.CyBle_Get16ByPtr
                0x000008a8       0x24 .\CortexM0\ARM_GCC_484\Debug\BLE Lab 2.a(BLE.o)
                0x000008a8                CyBle_Get16ByPtr
 .text.CyBle_GattsWriteEventHandler
                0x000008cc       0xa0 .\CortexM0\ARM_GCC_484\Debug\BLE Lab 2.a(BLE_gatt.o)
                0x000008cc                CyBle_GattsWriteEventHandler
 .text.CyBle_IasInit
                0x0000096c        0x8 .\CortexM0\ARM_GCC_484\Debug\BLE Lab 2.a(BLE_ias.o)
                0x0000096c                CyBle_IasInit
 .text.CyBle_IasRegisterAttrCallback
                0x00000974       0x18 .\CortexM0\ARM_GCC_484\Debug\BLE Lab 2.a(BLE_ias.o)
                0x00000974                CyBle_IasRegisterAttrCallback
 .text.CyBle_IassDisconnectEventHandler
                0x0000098c       0x38 .\CortexM0\ARM_GCC_484\Debug\BLE Lab 2.a(BLE_ias.o)
                0x0000098c                CyBle_IassDisconnectEventHandler
 .text.CyBle_IassWriteCmdEventHandler
                0x000009c4       0x90 .\CortexM0\ARM_GCC_484\Debug\BLE Lab 2.a(BLE_ias.o)
                0x000009c4                CyBle_IassWriteCmdEventHandler
 .text.CyBle_IassGetCharacteristicValue
                0x00000a54       0x78 .\CortexM0\ARM_GCC_484\Debug\BLE Lab 2.a(BLE_ias.o)
                0x00000a54                CyBle_IassGetCharacteristicValue
 .text.CyBle_WriteReqHandler
                0x00000acc       0x70 .\CortexM0\ARM_GCC_484\Debug\BLE Lab 2.a(BLE_eventHandler.o)
 .text.CyBle_ValueConfirmation
                0x00000b3c       0x10 .\CortexM0\ARM_GCC_484\Debug\BLE Lab 2.a(BLE_eventHandler.o)
 .text.CyBle_GattDisconnectEventHandler
                0x00000b4c       0x1c .\CortexM0\ARM_GCC_484\Debug\BLE Lab 2.a(BLE_eventHandler.o)
 .text.CyBle_TimeOutEventHandler
                0x00000b68       0x10 .\CortexM0\ARM_GCC_484\Debug\BLE Lab 2.a(BLE_eventHandler.o)
 .text.CyBle_GattConnectReqHandler
                0x00000b78        0x8 .\CortexM0\ARM_GCC_484\Debug\BLE Lab 2.a(BLE_eventHandler.o)
 .text.CyBle_IsDeviceAddressValid
                0x00000b80       0x60 .\CortexM0\ARM_GCC_484\Debug\BLE Lab 2.a(BLE_eventHandler.o)
 .text.CyBle_L2Cap_ConnParamUpdateRspEventHandler
                0x00000be0       0x14 .\CortexM0\ARM_GCC_484\Debug\BLE Lab 2.a(BLE_eventHandler.o)
 .text.CyBle_GapConnUpdateCompleteEventHandler
                0x00000bf4       0x10 .\CortexM0\ARM_GCC_484\Debug\BLE Lab 2.a(BLE_eventHandler.o)
 .text.CyBle_EventHandler
                0x00000c04      0x2a0 .\CortexM0\ARM_GCC_484\Debug\BLE Lab 2.a(BLE_eventHandler.o)
                0x00000c04                CyBle_EventHandler
 .text.CyBle_DisInit
                0x00000ea4        0x8 .\CortexM0\ARM_GCC_484\Debug\BLE Lab 2.a(BLE_dis.o)
                0x00000ea4                CyBle_DisInit
 *fill*         0x00000eac        0x4 
 .text          0x00000eb0       0x20 .\CortexM0\ARM_GCC_484\Debug\BLE Lab 2.a(CyBootAsmGnu.o)
                0x00000eb0                CyDelayCycles
                0x00000ec2                CyEnterCriticalSection
                0x00000eca                CyExitCriticalSection
 .text.CySysClkWcoSetHighPowerMode
                0x00000ed0       0x3c .\CortexM0\ARM_GCC_484\Debug\BLE Lab 2.a(CyLib.o)
 .text.CySysClkWcoSetLowPowerMode
                0x00000f0c       0x48 .\CortexM0\ARM_GCC_484\Debug\BLE Lab 2.a(CyLib.o)
 .text.CySysClkEcoStart
                0x00000f54       0x74 .\CortexM0\ARM_GCC_484\Debug\BLE Lab 2.a(CyLib.o)
                0x00000f54                CySysClkEcoStart
 .text.CySysClkEcoReadStatus
                0x00000fc8       0x18 .\CortexM0\ARM_GCC_484\Debug\BLE Lab 2.a(CyLib.o)
                0x00000fc8                CySysClkEcoReadStatus
 .text.CySysClkWcoStart
                0x00000fe0       0x20 .\CortexM0\ARM_GCC_484\Debug\BLE Lab 2.a(CyLib.o)
                0x00000fe0                CySysClkWcoStart
 .text.CySysClkWcoSetPowerMode
                0x00001000       0x40 .\CortexM0\ARM_GCC_484\Debug\BLE Lab 2.a(CyLib.o)
                0x00001000                CySysClkWcoSetPowerMode
 .text.CyHalt   0x00001040       0x14 .\CortexM0\ARM_GCC_484\Debug\BLE Lab 2.a(CyLib.o)
                0x00001040                CyHalt
 .text.CyDelay  0x00001054       0x48 .\CortexM0\ARM_GCC_484\Debug\BLE Lab 2.a(CyLib.o)
                0x00001054                CyDelay
 .text.CyDelayUs
                0x0000109c       0x28 .\CortexM0\ARM_GCC_484\Debug\BLE Lab 2.a(CyLib.o)
                0x0000109c                CyDelayUs
 .text.CyBLE_Bless_LlRegWrite
                0x000010c4       0x1c .\CortexM0\ARM_GCC_484\Debug\BLE Lab 2.a(BLE_HAL_PVT.o)
                0x000010c4                CyBLE_Bless_LlRegWrite
 .text.CyBLE_Bless_RfRegWrite
                0x000010e0       0x1c .\CortexM0\ARM_GCC_484\Debug\BLE Lab 2.a(BLE_HAL_PVT.o)
                0x000010e0                CyBLE_Bless_RfRegWrite
 .text.CyBleHal_DelayUs
                0x000010fc       0x1c .\CortexM0\ARM_GCC_484\Debug\BLE Lab 2.a(BLE_HAL_PVT.o)
                0x000010fc                CyBleHal_DelayUs
 .text.CyBleHal_EnableGlobalInterrupts
                0x00001118        0xc .\CortexM0\ARM_GCC_484\Debug\BLE Lab 2.a(BLE_HAL_PVT.o)
                0x00001118                CyBleHal_EnableGlobalInterrupts
 .text.CyBleHal_DisableGlobalInterrupts
                0x00001124        0xc .\CortexM0\ARM_GCC_484\Debug\BLE Lab 2.a(BLE_HAL_PVT.o)
                0x00001124                CyBleHal_DisableGlobalInterrupts
 .text.CyBle_HalInit
                0x00001130       0x20 .\CortexM0\ARM_GCC_484\Debug\BLE Lab 2.a(BLE_HAL_PVT.o)
                0x00001130                CyBle_HalInit
 .text.CYBLE_BlessStart
                0x00001150       0x14 .\CortexM0\ARM_GCC_484\Debug\BLE Lab 2.a(BLE_HAL_PVT.o)
                0x00001150                CYBLE_BlessStart
 .text.BLE_bless_isr_StartEx
                0x00001164       0x24 .\CortexM0\ARM_GCC_484\Debug\BLE Lab 2.a(BLE_bless_isr.o)
                0x00001164                BLE_bless_isr_StartEx
 .text.BLE_bless_isr_SetVector
                0x00001188       0x18 .\CortexM0\ARM_GCC_484\Debug\BLE Lab 2.a(BLE_bless_isr.o)
                0x00001188                BLE_bless_isr_SetVector
 .text.BLE_bless_isr_SetPriority
                0x000011a0       0x50 .\CortexM0\ARM_GCC_484\Debug\BLE Lab 2.a(BLE_bless_isr.o)
                0x000011a0                BLE_bless_isr_SetPriority
 .text.BLE_bless_isr_Enable
                0x000011f0       0x14 .\CortexM0\ARM_GCC_484\Debug\BLE Lab 2.a(BLE_bless_isr.o)
                0x000011f0                BLE_bless_isr_Enable
 .text.BLE_bless_isr_Disable
                0x00001204       0x14 .\CortexM0\ARM_GCC_484\Debug\BLE Lab 2.a(BLE_bless_isr.o)
                0x00001204                BLE_bless_isr_Disable
 .text.CyBLE_Bless_Interrupt
                0x00001218        0xc .\CortexM0\ARM_GCC_484\Debug\BLE Lab 2.a(BLE_HAL_INT.o)
                0x00001218                CyBLE_Bless_Interrupt
 .text          0x00001224       0x9c c:/program files (x86)/cypress/psoc creator/3.1/psoc creator/import/gnu_cs/arm/4.8.4/bin/../lib/gcc/arm-none-eabi/4.8.4/armv6-m\libgcc.a(_udivsi3.o)
                0x00001224                __aeabi_uidiv
                0x00001224                __udivsi3
                0x000012ac                __aeabi_uidivmod
 .text          0x000012c0       0xc0 c:/program files (x86)/cypress/psoc creator/3.1/psoc creator/import/gnu_cs/arm/4.8.4/bin/../lib/gcc/arm-none-eabi/4.8.4/armv6-m\libgcc.a(_divsi3.o)
                0x000012c0                __divsi3
                0x000012c0                __aeabi_idiv
                0x0000136c                __aeabi_idivmod
 .text          0x00001380        0x4 c:/program files (x86)/cypress/psoc creator/3.1/psoc creator/import/gnu_cs/arm/4.8.4/bin/../lib/gcc/arm-none-eabi/4.8.4/armv6-m\libgcc.a(_dvmd_tls.o)
                0x00001380                __aeabi_idiv0
                0x00001380                __aeabi_ldiv0
 .text.__libc_init_array
                0x00001384       0x4c c:/program files (x86)/cypress/psoc creator/3.1/psoc creator/import/gnu_cs/arm/4.8.4/bin/../lib/gcc/arm-none-eabi/4.8.4/../../../../arm-none-eabi/lib/armv6-m\libg_s.a(lib_a-init.o)
                0x00001384                __libc_init_array
 .text.memcmp   0x000013d0       0x1e c:/program files (x86)/cypress/psoc creator/3.1/psoc creator/import/gnu_cs/arm/4.8.4/bin/../lib/gcc/arm-none-eabi/4.8.4/../../../../arm-none-eabi/lib/armv6-m\libg_s.a(lib_a-memcmp.o)
                0x000013d0                memcmp
 .text.memcpy   0x000013ee       0x12 c:/program files (x86)/cypress/psoc creator/3.1/psoc creator/import/gnu_cs/arm/4.8.4/bin/../lib/gcc/arm-none-eabi/4.8.4/../../../../arm-none-eabi/lib/armv6-m\libg_s.a(lib_a-memcpy-stub.o)
                0x000013ee                memcpy
 .text.memset   0x00001400       0x10 c:/program files (x86)/cypress/psoc creator/3.1/psoc creator/import/gnu_cs/arm/4.8.4/bin/../lib/gcc/arm-none-eabi/4.8.4/../../../../arm-none-eabi/lib/armv6-m\libg_s.a(lib_a-memset.o)
                0x00001400                memset
 *(.plt)
 *(.gnu.warning)
 *(.glue_7t)
 .glue_7t       0x00000000        0x0 linker stubs
 *(.glue_7)
 .glue_7        0x00000000        0x0 linker stubs
 *(.vfp11_veneer)
 .vfp11_veneer  0x00000000        0x0 linker stubs
 *(.bootloader)
 *(.ARM.extab* .gnu.linkonce.armextab.*)
 *(.gcc_except_table)

.v4_bx          0x00001410        0x0
 .v4_bx         0x00000000        0x0 linker stubs

.iplt           0x00001410        0x0
 .iplt          0x00000000        0x0 c:/program files (x86)/cypress/psoc creator/3.1/psoc creator/import/gnu_cs/arm/4.8.4/bin/../lib/gcc/arm-none-eabi/4.8.4/armv6-m/crtbegin.o

i.CyBle_ExitLPM
                0x00001410        0x8
 i.CyBle_ExitLPM
                0x00001410        0x8 C:\Program Files (x86)\Cypress\PSoC Creator\3.1\PSoC Creator\psoc\content\cycomponentlibraryupdates\CyComponentLibraryUpdates.cylib\BLE_v1_10\Library\gccCyBLEStack_BLE_SOC_PERIPHERAL.a(CyBle.o)
                0x00001410                CyBle_ExitLPM

i.CyBle_ProcessEvents
                0x00001418        0x8
 i.CyBle_ProcessEvents
                0x00001418        0x8 C:\Program Files (x86)\Cypress\PSoC Creator\3.1\PSoC Creator\psoc\content\cycomponentlibraryupdates\CyComponentLibraryUpdates.cylib\BLE_v1_10\Library\gccCyBLEStack_BLE_SOC_PERIPHERAL.a(CyBle.o)
                0x00001418                CyBle_ProcessEvents

i.CyBle_SetDeviceAddress
                0x00001420       0x24
 i.CyBle_SetDeviceAddress
                0x00001420       0x24 C:\Program Files (x86)\Cypress\PSoC Creator\3.1\PSoC Creator\psoc\content\cycomponentlibraryupdates\CyComponentLibraryUpdates.cylib\BLE_v1_10\Library\gccCyBLEStack_BLE_SOC_PERIPHERAL.a(CyBle.o)
                0x00001420                CyBle_SetDeviceAddress

i.CyBle_StackInit
                0x00001444       0x84
 i.CyBle_StackInit
                0x00001444       0x84 C:\Program Files (x86)\Cypress\PSoC Creator\3.1\PSoC Creator\psoc\content\cycomponentlibraryupdates\CyComponentLibraryUpdates.cylib\BLE_v1_10\Library\gccCyBLEStack_BLE_SOC_PERIPHERAL.a(CyBle.o)
                0x00001444                CyBle_StackInit

i.CyBleStackMgr_BleGetConfigData
                0x000014c8        0x4
 i.CyBleStackMgr_BleGetConfigData
                0x000014c8        0x4 C:\Program Files (x86)\Cypress\PSoC Creator\3.1\PSoC Creator\psoc\content\cycomponentlibraryupdates\CyComponentLibraryUpdates.cylib\BLE_v1_10\Library\gccCyBLEStack_BLE_SOC_PERIPHERAL.a(CyBleStackMgrIP_Interface.o)
                0x000014c8                CyBleStackMgr_BleGetConfigData

i.CyBleStackMgr_BleSetConfigData
                0x000014cc        0x4
 i.CyBleStackMgr_BleSetConfigData
                0x000014cc        0x4 C:\Program Files (x86)\Cypress\PSoC Creator\3.1\PSoC Creator\psoc\content\cycomponentlibraryupdates\CyComponentLibraryUpdates.cylib\BLE_v1_10\Library\gccCyBLEStack_BLE_SOC_PERIPHERAL.a(CyBleStackMgrIP_Interface.o)
                0x000014cc                CyBleStackMgr_BleSetConfigData

i.CyBleStackMgr_Init
                0x000014d0      0x104
 i.CyBleStackMgr_Init
                0x000014d0      0x104 C:\Program Files (x86)\Cypress\PSoC Creator\3.1\PSoC Creator\psoc\content\cycomponentlibraryupdates\CyComponentLibraryUpdates.cylib\BLE_v1_10\Library\gccCyBLEStack_BLE_SOC_PERIPHERAL.a(CyBleStackMgrIP_Interface.o)
                0x000014d0                CyBleStackMgr_Init

i.CyBleStackMgr_ProcessBleEvents
                0x000015d4       0x14
 i.CyBleStackMgr_ProcessBleEvents
                0x000015d4       0x14 C:\Program Files (x86)\Cypress\PSoC Creator\3.1\PSoC Creator\psoc\content\cycomponentlibraryupdates\CyComponentLibraryUpdates.cylib\BLE_v1_10\Library\gccCyBLEStack_BLE_SOC_PERIPHERAL.a(CyBleStackMgrIP_Interface.o)
                0x000015d4                CyBleStackMgr_ProcessBleEvents

i.ble_stack_idle_task_callback
                0x000015e8        0x2
 i.ble_stack_idle_task_callback
                0x000015e8        0x2 C:\Program Files (x86)\Cypress\PSoC Creator\3.1\PSoC Creator\psoc\content\cycomponentlibraryupdates\CyComponentLibraryUpdates.cylib\BLE_v1_10\Library\gccCyBLEStack_BLE_SOC_PERIPHERAL.a(CyBleStackMgrIP_Interface.o)
                0x000015e8                ble_stack_idle_task_callback

i.BT_OSFreeBuf  0x000015ec       0x18
 i.BT_OSFreeBuf
                0x000015ec       0x18 C:\Program Files (x86)\Cypress\PSoC Creator\3.1\PSoC Creator\psoc\content\cycomponentlibraryupdates\CyComponentLibraryUpdates.cylib\BLE_v1_10\Library\gccCyBLEStack_BLE_SOC_PERIPHERAL.a(BT_os.o)
                0x000015ec                BT_OSFreeBuf

i.BT_OSGetBuF   0x00001604       0x1c
 i.BT_OSGetBuF  0x00001604       0x1c C:\Program Files (x86)\Cypress\PSoC Creator\3.1\PSoC Creator\psoc\content\cycomponentlibraryupdates\CyComponentLibraryUpdates.cylib\BLE_v1_10\Library\gccCyBLEStack_BLE_SOC_PERIPHERAL.a(BT_os.o)
                0x00001604                BT_OSGetBuF

i.BT_OSMemCreate
                0x00001620       0x1c
 i.BT_OSMemCreate
                0x00001620       0x1c C:\Program Files (x86)\Cypress\PSoC Creator\3.1\PSoC Creator\psoc\content\cycomponentlibraryupdates\CyComponentLibraryUpdates.cylib\BLE_v1_10\Library\gccCyBLEStack_BLE_SOC_PERIPHERAL.a(BT_os.o)
                0x00001620                BT_OSMemCreate

i.BT_alloc_mem_ext
                0x0000163c       0x34
 i.BT_alloc_mem_ext
                0x0000163c       0x34 C:\Program Files (x86)\Cypress\PSoC Creator\3.1\PSoC Creator\psoc\content\cycomponentlibraryupdates\CyComponentLibraryUpdates.cylib\BLE_v1_10\Library\gccCyBLEStack_BLE_SOC_PERIPHERAL.a(BT_os.o)
                0x0000163c                BT_alloc_mem_ext

i.BT_free_mem   0x00001670        0xc
 i.BT_free_mem  0x00001670        0xc C:\Program Files (x86)\Cypress\PSoC Creator\3.1\PSoC Creator\psoc\content\cycomponentlibraryupdates\CyComponentLibraryUpdates.cylib\BLE_v1_10\Library\gccCyBLEStack_BLE_SOC_PERIPHERAL.a(BT_os.o)
                0x00001670                BT_free_mem

i.bt_stack_init_os
                0x0000167c       0x34
 i.bt_stack_init_os
                0x0000167c       0x34 C:\Program Files (x86)\Cypress\PSoC Creator\3.1\PSoC Creator\psoc\content\cycomponentlibraryupdates\CyComponentLibraryUpdates.cylib\BLE_v1_10\Library\gccCyBLEStack_BLE_SOC_PERIPHERAL.a(BT_os.o)
                0x0000167c                bt_stack_init_os

i.CyBle_CheckBleStackTaskStatus
                0x000016b0        0x4
 i.CyBle_CheckBleStackTaskStatus
                0x000016b0        0x4 C:\Program Files (x86)\Cypress\PSoC Creator\3.1\PSoC Creator\psoc\content\cycomponentlibraryupdates\CyComponentLibraryUpdates.cylib\BLE_v1_10\Library\gccCyBLEStack_BLE_SOC_PERIPHERAL.a(CyBleStackMgr_StackTaskHandler.o)
                0x000016b0                CyBle_CheckBleStackTaskStatus

i.CyBle_CreateBleStackTask
                0x000016b4       0x2c
 i.CyBle_CreateBleStackTask
                0x000016b4       0x2c C:\Program Files (x86)\Cypress\PSoC Creator\3.1\PSoC Creator\psoc\content\cycomponentlibraryupdates\CyComponentLibraryUpdates.cylib\BLE_v1_10\Library\gccCyBLEStack_BLE_SOC_PERIPHERAL.a(CyBleStackMgr_StackTaskHandler.o)
                0x000016b4                CyBle_CreateBleStackTask

i.CyBle_SignalBleStackTask
                0x000016e0       0x50
 i.CyBle_SignalBleStackTask
                0x000016e0       0x50 C:\Program Files (x86)\Cypress\PSoC Creator\3.1\PSoC Creator\psoc\content\cycomponentlibraryupdates\CyComponentLibraryUpdates.cylib\BLE_v1_10\Library\gccCyBLEStack_BLE_SOC_PERIPHERAL.a(CyBleStackMgr_StackTaskHandler.o)
                0x000016e0                CyBle_SignalBleStackTask

i.CyBle_StackTaskHandler
                0x00001730       0x5c
 i.CyBle_StackTaskHandler
                0x00001730       0x5c C:\Program Files (x86)\Cypress\PSoC Creator\3.1\PSoC Creator\psoc\content\cycomponentlibraryupdates\CyComponentLibraryUpdates.cylib\BLE_v1_10\Library\gccCyBLEStack_BLE_SOC_PERIPHERAL.a(CyBleStackMgr_StackTaskHandler.o)
                0x00001730                CyBle_StackTaskHandler

i.__ARM_common_switch8
                0x0000178c       0x1a
 i.__ARM_common_switch8
                0x0000178c       0x1a C:\Program Files (x86)\Cypress\PSoC Creator\3.1\PSoC Creator\psoc\content\cycomponentlibraryupdates\CyComponentLibraryUpdates.cylib\BLE_v1_10\Library\gccCyBLEStack_BLE_SOC_PERIPHERAL.a(CyBleStackMgr_StackTaskHandler.o)
                0x0000178c                __ARM_common_switch8

i.hci_soft_transport_notify_data_received
                0x000017a8        0xc
 i.hci_soft_transport_notify_data_received
                0x000017a8        0xc C:\Program Files (x86)\Cypress\PSoC Creator\3.1\PSoC Creator\psoc\content\cycomponentlibraryupdates\CyComponentLibraryUpdates.cylib\BLE_v1_10\Library\gccCyBLEStack_BLE_SOC_PERIPHERAL.a(transport_sf.o)
                0x000017a8                hci_soft_transport_notify_data_received

i.hci_soft_transport_rx_data
                0x000017b4       0x30
 i.hci_soft_transport_rx_data
                0x000017b4       0x30 C:\Program Files (x86)\Cypress\PSoC Creator\3.1\PSoC Creator\psoc\content\cycomponentlibraryupdates\CyComponentLibraryUpdates.cylib\BLE_v1_10\Library\gccCyBLEStack_BLE_SOC_PERIPHERAL.a(transport_sf.o)
                0x000017b4                hci_soft_transport_rx_data

i.hci_transport_bt_init
                0x000017e4        0x2
 i.hci_transport_bt_init
                0x000017e4        0x2 C:\Program Files (x86)\Cypress\PSoC Creator\3.1\PSoC Creator\psoc\content\cycomponentlibraryupdates\CyComponentLibraryUpdates.cylib\BLE_v1_10\Library\gccCyBLEStack_BLE_SOC_PERIPHERAL.a(transport_sf.o)
                0x000017e4                hci_transport_bt_init

i.hci_transport_init
                0x000017e8       0x10
 i.hci_transport_init
                0x000017e8       0x10 C:\Program Files (x86)\Cypress\PSoC Creator\3.1\PSoC Creator\psoc\content\cycomponentlibraryupdates\CyComponentLibraryUpdates.cylib\BLE_v1_10\Library\gccCyBLEStack_BLE_SOC_PERIPHERAL.a(transport_sf.o)
                0x000017e8                hci_transport_init

i.hci_transport_write_data
                0x000017f8       0xd4
 i.hci_transport_write_data
                0x000017f8       0xd4 C:\Program Files (x86)\Cypress\PSoC Creator\3.1\PSoC Creator\psoc\content\cycomponentlibraryupdates\CyComponentLibraryUpdates.cylib\BLE_v1_10\Library\gccCyBLEStack_BLE_SOC_PERIPHERAL.a(transport_sf.o)
                0x000017f8                hci_transport_write_data

i.pf_hci_soft_transport_write
                0x000018cc       0x74
 i.pf_hci_soft_transport_write
                0x000018cc       0x74 C:\Program Files (x86)\Cypress\PSoC Creator\3.1\PSoC Creator\psoc\content\cycomponentlibraryupdates\CyComponentLibraryUpdates.cylib\BLE_v1_10\Library\gccCyBLEStack_BLE_SOC_PERIPHERAL.a(transport_sf.o)
                0x000018cc                pf_hci_soft_transport_write

i.pf_soft_hci_transport_init
                0x00001940        0xc
 i.pf_soft_hci_transport_init
                0x00001940        0xc C:\Program Files (x86)\Cypress\PSoC Creator\3.1\PSoC Creator\psoc\content\cycomponentlibraryupdates\CyComponentLibraryUpdates.cylib\BLE_v1_10\Library\gccCyBLEStack_BLE_SOC_PERIPHERAL.a(transport_sf.o)
                0x00001940                pf_soft_hci_transport_init

i.CyBleStackMgr_GetTime
                0x0000194c       0x14
 i.CyBleStackMgr_GetTime
                0x0000194c       0x14 C:\Program Files (x86)\Cypress\PSoC Creator\3.1\PSoC Creator\psoc\content\cycomponentlibraryupdates\CyComponentLibraryUpdates.cylib\BLE_v1_10\Library\gccCyBLEStack_BLE_SOC_PERIPHERAL.a(CyBleStackMgr_PSoCHal.o)
                0x0000194c                CyBleStackMgr_GetTime

i.CyBleStackMgr_HalInit
                0x00001960       0x24
 i.CyBleStackMgr_HalInit
                0x00001960       0x24 C:\Program Files (x86)\Cypress\PSoC Creator\3.1\PSoC Creator\psoc\content\cycomponentlibraryupdates\CyComponentLibraryUpdates.cylib\BLE_v1_10\Library\gccCyBLEStack_BLE_SOC_PERIPHERAL.a(CyBleStackMgr_PSoCHal.o)
                0x00001960                CyBleStackMgr_HalInit

i.CyBleStackMgr_HalIntrEnable
                0x00001984        0x8
 i.CyBleStackMgr_HalIntrEnable
                0x00001984        0x8 C:\Program Files (x86)\Cypress\PSoC Creator\3.1\PSoC Creator\psoc\content\cycomponentlibraryupdates\CyComponentLibraryUpdates.cylib\BLE_v1_10\Library\gccCyBLEStack_BLE_SOC_PERIPHERAL.a(CyBleStackMgr_PSoCHal.o)
                0x00001984                CyBleStackMgr_HalIntrEnable

i.CyBleStackMgr_HandleLinkLayerTick
                0x0000198c       0x5c
 i.CyBleStackMgr_HandleLinkLayerTick
                0x0000198c       0x5c C:\Program Files (x86)\Cypress\PSoC Creator\3.1\PSoC Creator\psoc\content\cycomponentlibraryupdates\CyComponentLibraryUpdates.cylib\BLE_v1_10\Library\gccCyBLEStack_BLE_SOC_PERIPHERAL.a(CyBleStackMgr_PSoCHal.o)
                0x0000198c                CyBleStackMgr_HandleLinkLayerTick

i.CyBleStackMgr_HciPortInit
                0x000019e8        0xc
 i.CyBleStackMgr_HciPortInit
                0x000019e8        0xc C:\Program Files (x86)\Cypress\PSoC Creator\3.1\PSoC Creator\psoc\content\cycomponentlibraryupdates\CyComponentLibraryUpdates.cylib\BLE_v1_10\Library\gccCyBLEStack_BLE_SOC_PERIPHERAL.a(CyBleStackMgr_PSoCHal.o)
                0x000019e8                CyBleStackMgr_HciPortInit

i.CyBleStackMgr_HciPortReset
                0x000019f4        0x2
 i.CyBleStackMgr_HciPortReset
                0x000019f4        0x2 C:\Program Files (x86)\Cypress\PSoC Creator\3.1\PSoC Creator\psoc\content\cycomponentlibraryupdates\CyComponentLibraryUpdates.cylib\BLE_v1_10\Library\gccCyBLEStack_BLE_SOC_PERIPHERAL.a(CyBleStackMgr_PSoCHal.o)
                0x000019f4                CyBleStackMgr_HciPortReset

i.CyBleStackMgr_HciPortWrite
                0x000019f6        0x8
 i.CyBleStackMgr_HciPortWrite
                0x000019f6        0x8 C:\Program Files (x86)\Cypress\PSoC Creator\3.1\PSoC Creator\psoc\content\cycomponentlibraryupdates\CyComponentLibraryUpdates.cylib\BLE_v1_10\Library\gccCyBLEStack_BLE_SOC_PERIPHERAL.a(CyBleStackMgr_PSoCHal.o)
                0x000019f6                CyBleStackMgr_HciPortWrite

i.CyBleStackMgr_ResetLinkLayerTimerEntity
                0x00001a00       0x14
 i.CyBleStackMgr_ResetLinkLayerTimerEntity
                0x00001a00       0x14 C:\Program Files (x86)\Cypress\PSoC Creator\3.1\PSoC Creator\psoc\content\cycomponentlibraryupdates\CyComponentLibraryUpdates.cylib\BLE_v1_10\Library\gccCyBLEStack_BLE_SOC_PERIPHERAL.a(CyBleStackMgr_PSoCHal.o)
                0x00001a00                CyBleStackMgr_ResetLinkLayerTimerEntity

i.CyBleStackMgr_TimerStart
                0x00001a14       0x2c
 i.CyBleStackMgr_TimerStart
                0x00001a14       0x2c C:\Program Files (x86)\Cypress\PSoC Creator\3.1\PSoC Creator\psoc\content\cycomponentlibraryupdates\CyComponentLibraryUpdates.cylib\BLE_v1_10\Library\gccCyBLEStack_BLE_SOC_PERIPHERAL.a(CyBleStackMgr_PSoCHal.o)
                0x00001a14                CyBleStackMgr_TimerStart

i.CyBleStackMgr_TimerStop
                0x00001a40       0x18
 i.CyBleStackMgr_TimerStop
                0x00001a40       0x18 C:\Program Files (x86)\Cypress\PSoC Creator\3.1\PSoC Creator\psoc\content\cycomponentlibraryupdates\CyComponentLibraryUpdates.cylib\BLE_v1_10\Library\gccCyBLEStack_BLE_SOC_PERIPHERAL.a(CyBleStackMgr_PSoCHal.o)
                0x00001a40                CyBleStackMgr_TimerStop

i.CyBleStackMgr_isTimerRunning
                0x00001a58       0x10
 i.CyBleStackMgr_isTimerRunning
                0x00001a58       0x10 C:\Program Files (x86)\Cypress\PSoC Creator\3.1\PSoC Creator\psoc\content\cycomponentlibraryupdates\CyComponentLibraryUpdates.cylib\BLE_v1_10\Library\gccCyBLEStack_BLE_SOC_PERIPHERAL.a(CyBleStackMgr_PSoCHal.o)
                0x00001a58                CyBleStackMgr_isTimerRunning

i.CyBleAtlantisRadioInit
                0x00001a68      0x1ac
 i.CyBleAtlantisRadioInit
                0x00001a68      0x1ac C:\Program Files (x86)\Cypress\PSoC Creator\3.1\PSoC Creator\psoc\content\cycomponentlibraryupdates\CyComponentLibraryUpdates.cylib\BLE_v1_10\Library\gccCyBLEStack_BLE_SOC_PERIPHERAL.a(CyBleStackMgr_BleSSDriver.o)

i.CyBleStackMgr_BleSSFifoRead
                0x00001c14       0x38
 i.CyBleStackMgr_BleSSFifoRead
                0x00001c14       0x38 C:\Program Files (x86)\Cypress\PSoC Creator\3.1\PSoC Creator\psoc\content\cycomponentlibraryupdates\CyComponentLibraryUpdates.cylib\BLE_v1_10\Library\gccCyBLEStack_BLE_SOC_PERIPHERAL.a(CyBleStackMgr_BleSSDriver.o)
                0x00001c14                CyBleStackMgr_BleSSFifoRead

i.CyBleStackMgr_BleSSFifoWrite
                0x00001c4c       0x30
 i.CyBleStackMgr_BleSSFifoWrite
                0x00001c4c       0x30 C:\Program Files (x86)\Cypress\PSoC Creator\3.1\PSoC Creator\psoc\content\cycomponentlibraryupdates\CyComponentLibraryUpdates.cylib\BLE_v1_10\Library\gccCyBLEStack_BLE_SOC_PERIPHERAL.a(CyBleStackMgr_BleSSDriver.o)
                0x00001c4c                CyBleStackMgr_BleSSFifoWrite

i.CyBleStackMgr_BleSSInit
                0x00001c7c       0x50
 i.CyBleStackMgr_BleSSInit
                0x00001c7c       0x50 C:\Program Files (x86)\Cypress\PSoC Creator\3.1\PSoC Creator\psoc\content\cycomponentlibraryupdates\CyComponentLibraryUpdates.cylib\BLE_v1_10\Library\gccCyBLEStack_BLE_SOC_PERIPHERAL.a(CyBleStackMgr_BleSSDriver.o)
                0x00001c7c                CyBleStackMgr_BleSSInit

i.CyBleStackMgr_BleSSMemRead
                0x00001ccc       0x26
 i.CyBleStackMgr_BleSSMemRead
                0x00001ccc       0x26 C:\Program Files (x86)\Cypress\PSoC Creator\3.1\PSoC Creator\psoc\content\cycomponentlibraryupdates\CyComponentLibraryUpdates.cylib\BLE_v1_10\Library\gccCyBLEStack_BLE_SOC_PERIPHERAL.a(CyBleStackMgr_BleSSDriver.o)
                0x00001ccc                CyBleStackMgr_BleSSMemRead

i.CyBleStackMgr_BleSSMemWrite
                0x00001cf4       0x34
 i.CyBleStackMgr_BleSSMemWrite
                0x00001cf4       0x34 C:\Program Files (x86)\Cypress\PSoC Creator\3.1\PSoC Creator\psoc\content\cycomponentlibraryupdates\CyComponentLibraryUpdates.cylib\BLE_v1_10\Library\gccCyBLEStack_BLE_SOC_PERIPHERAL.a(CyBleStackMgr_BleSSDriver.o)
                0x00001cf4                CyBleStackMgr_BleSSMemWrite

i.CyBleStackMgr_BleSSRegRead
                0x00001d28        0xc
 i.CyBleStackMgr_BleSSRegRead
                0x00001d28        0xc C:\Program Files (x86)\Cypress\PSoC Creator\3.1\PSoC Creator\psoc\content\cycomponentlibraryupdates\CyComponentLibraryUpdates.cylib\BLE_v1_10\Library\gccCyBLEStack_BLE_SOC_PERIPHERAL.a(CyBleStackMgr_BleSSDriver.o)
                0x00001d28                CyBleStackMgr_BleSSRegRead

i.CyBleStackMgr_BleSSRegWrite
                0x00001d34        0xc
 i.CyBleStackMgr_BleSSRegWrite
                0x00001d34        0xc C:\Program Files (x86)\Cypress\PSoC Creator\3.1\PSoC Creator\psoc\content\cycomponentlibraryupdates\CyComponentLibraryUpdates.cylib\BLE_v1_10\Library\gccCyBLEStack_BLE_SOC_PERIPHERAL.a(CyBleStackMgr_BleSSDriver.o)
                0x00001d34                CyBleStackMgr_BleSSRegWrite

i.CyBleStackMgr_BleSSReset
                0x00001d40       0x2c
 i.CyBleStackMgr_BleSSReset
                0x00001d40       0x2c C:\Program Files (x86)\Cypress\PSoC Creator\3.1\PSoC Creator\psoc\content\cycomponentlibraryupdates\CyComponentLibraryUpdates.cylib\BLE_v1_10\Library\gccCyBLEStack_BLE_SOC_PERIPHERAL.a(CyBleStackMgr_BleSSDriver.o)
                0x00001d40                CyBleStackMgr_BleSSReset

i.CyBleStackMgr_GenericIface
                0x00001d6c       0x3c
 i.CyBleStackMgr_GenericIface
                0x00001d6c       0x3c C:\Program Files (x86)\Cypress\PSoC Creator\3.1\PSoC Creator\psoc\content\cycomponentlibraryupdates\CyComponentLibraryUpdates.cylib\BLE_v1_10\Library\gccCyBLEStack_BLE_SOC_PERIPHERAL.a(CyBleStackMgr_BleSSDriver.o)
                0x00001d6c                CyBleStackMgr_GenericIface

i.CyBleStackMgr_HandleBleSSIntr
                0x00001da8       0x94
 i.CyBleStackMgr_HandleBleSSIntr
                0x00001da8       0x94 C:\Program Files (x86)\Cypress\PSoC Creator\3.1\PSoC Creator\psoc\content\cycomponentlibraryupdates\CyComponentLibraryUpdates.cylib\BLE_v1_10\Library\gccCyBLEStack_BLE_SOC_PERIPHERAL.a(CyBleStackMgr_BleSSDriver.o)
                0x00001da8                CyBleStackMgr_HandleBleSSIntr

i.CyBleStackMgr_SetClockParam
                0x00001e3c       0xb4
 i.CyBleStackMgr_SetClockParam
                0x00001e3c       0xb4 C:\Program Files (x86)\Cypress\PSoC Creator\3.1\PSoC Creator\psoc\content\cycomponentlibraryupdates\CyComponentLibraryUpdates.cylib\BLE_v1_10\Library\gccCyBLEStack_BLE_SOC_PERIPHERAL.a(CyBleStackMgr_BleSSDriver.o)

i.CyBle_ExitDsmMode
                0x00001ef0       0x2c
 i.CyBle_ExitDsmMode
                0x00001ef0       0x2c C:\Program Files (x86)\Cypress\PSoC Creator\3.1\PSoC Creator\psoc\content\cycomponentlibraryupdates\CyComponentLibraryUpdates.cylib\BLE_v1_10\Library\gccCyBLEStack_BLE_SOC_PERIPHERAL.a(CyBleStackMgr_BleSSDriver.o)
                0x00001ef0                CyBle_ExitDsmMode

i.CyBle_GetBleSsOperationalMode
                0x00001f1c        0xc
 i.CyBle_GetBleSsOperationalMode
                0x00001f1c        0xc C:\Program Files (x86)\Cypress\PSoC Creator\3.1\PSoC Creator\psoc\content\cycomponentlibraryupdates\CyComponentLibraryUpdates.cylib\BLE_v1_10\Library\gccCyBLEStack_BLE_SOC_PERIPHERAL.a(CyBleStackMgr_BleSSDriver.o)
                0x00001f1c                CyBle_GetBleSsOperationalMode

i.CyBle_GetLpMode
                0x00001f28       0x26
 i.CyBle_GetLpMode
                0x00001f28       0x26 C:\Program Files (x86)\Cypress\PSoC Creator\3.1\PSoC Creator\psoc\content\cycomponentlibraryupdates\CyComponentLibraryUpdates.cylib\BLE_v1_10\Library\gccCyBLEStack_BLE_SOC_PERIPHERAL.a(CyBleStackMgr_BleSSDriver.o)
                0x00001f28                CyBle_GetLpMode

i.CyBle_GetTxGainMode
                0x00001f50       0x2c
 i.CyBle_GetTxGainMode
                0x00001f50       0x2c C:\Program Files (x86)\Cypress\PSoC Creator\3.1\PSoC Creator\psoc\content\cycomponentlibraryupdates\CyComponentLibraryUpdates.cylib\BLE_v1_10\Library\gccCyBLEStack_BLE_SOC_PERIPHERAL.a(CyBleStackMgr_BleSSDriver.o)
                0x00001f50                CyBle_GetTxGainMode

i.CyBle_SetBleSsOperationalMode
                0x00001f7c       0x20
 i.CyBle_SetBleSsOperationalMode
                0x00001f7c       0x20 C:\Program Files (x86)\Cypress\PSoC Creator\3.1\PSoC Creator\psoc\content\cycomponentlibraryupdates\CyComponentLibraryUpdates.cylib\BLE_v1_10\Library\gccCyBLEStack_BLE_SOC_PERIPHERAL.a(CyBleStackMgr_BleSSDriver.o)
                0x00001f7c                CyBle_SetBleSsOperationalMode

i.CyBle_SetEventCloseState
                0x00001f9c        0xc
 i.CyBle_SetEventCloseState
                0x00001f9c        0xc C:\Program Files (x86)\Cypress\PSoC Creator\3.1\PSoC Creator\psoc\content\cycomponentlibraryupdates\CyComponentLibraryUpdates.cylib\BLE_v1_10\Library\gccCyBLEStack_BLE_SOC_PERIPHERAL.a(CyBleStackMgr_BleSSDriver.o)
                0x00001f9c                CyBle_SetEventCloseState

i.CyBle_SetTxGainMode
                0x00001fa8       0x38
 i.CyBle_SetTxGainMode
                0x00001fa8       0x38 C:\Program Files (x86)\Cypress\PSoC Creator\3.1\PSoC Creator\psoc\content\cycomponentlibraryupdates\CyComponentLibraryUpdates.cylib\BLE_v1_10\Library\gccCyBLEStack_BLE_SOC_PERIPHERAL.a(CyBleStackMgr_BleSSDriver.o)
                0x00001fa8                CyBle_SetTxGainMode

i.pf_rf_get_abs_rssi
                0x00001fe0       0x24
 i.pf_rf_get_abs_rssi
                0x00001fe0       0x24 C:\Program Files (x86)\Cypress\PSoC Creator\3.1\PSoC Creator\psoc\content\cycomponentlibraryupdates\CyComponentLibraryUpdates.cylib\BLE_v1_10\Library\gccCyBLEStack_BLE_SOC_PERIPHERAL.a(CyBleStackMgr_BleSSDriver.o)
                0x00001fe0                pf_rf_get_abs_rssi

i.OS_init       0x00002004       0x64
 i.OS_init      0x00002004       0x64 C:\Program Files (x86)\Cypress\PSoC Creator\3.1\PSoC Creator\psoc\content\cycomponentlibraryupdates\CyComponentLibraryUpdates.cylib\BLE_v1_10\Library\gccCyBLEStack_BLE_SOC_PERIPHERAL.a(mint_os.o)
                0x00002004                OS_init

i.mintos_malloc
                0x00002068       0x34
 i.mintos_malloc
                0x00002068       0x34 C:\Program Files (x86)\Cypress\PSoC Creator\3.1\PSoC Creator\psoc\content\cycomponentlibraryupdates\CyComponentLibraryUpdates.cylib\BLE_v1_10\Library\gccCyBLEStack_BLE_SOC_PERIPHERAL.a(mint_os.o)
                0x00002068                mintos_malloc

i.OS_create_queue
                0x0000209c       0x64
 i.OS_create_queue
                0x0000209c       0x64 C:\Program Files (x86)\Cypress\PSoC Creator\3.1\PSoC Creator\psoc\content\cycomponentlibraryupdates\CyComponentLibraryUpdates.cylib\BLE_v1_10\Library\gccCyBLEStack_BLE_SOC_PERIPHERAL.a(mint_os_queue.o)
                0x0000209c                OS_create_queue

i.OS_enqueue_item
                0x00002100       0x8c
 i.OS_enqueue_item
                0x00002100       0x8c C:\Program Files (x86)\Cypress\PSoC Creator\3.1\PSoC Creator\psoc\content\cycomponentlibraryupdates\CyComponentLibraryUpdates.cylib\BLE_v1_10\Library\gccCyBLEStack_BLE_SOC_PERIPHERAL.a(mint_os_queue.o)
                0x00002100                OS_enqueue_item

i.OS_queue_get_num_of_items
                0x0000218c       0x28
 i.OS_queue_get_num_of_items
                0x0000218c       0x28 C:\Program Files (x86)\Cypress\PSoC Creator\3.1\PSoC Creator\psoc\content\cycomponentlibraryupdates\CyComponentLibraryUpdates.cylib\BLE_v1_10\Library\gccCyBLEStack_BLE_SOC_PERIPHERAL.a(mint_os_queue.o)
                0x0000218c                OS_queue_get_num_of_items

i.OS_queue_mgmt_init
                0x000021b4       0x40
 i.OS_queue_mgmt_init
                0x000021b4       0x40 C:\Program Files (x86)\Cypress\PSoC Creator\3.1\PSoC Creator\psoc\content\cycomponentlibraryupdates\CyComponentLibraryUpdates.cylib\BLE_v1_10\Library\gccCyBLEStack_BLE_SOC_PERIPHERAL.a(mint_os_queue.o)
                0x000021b4                OS_queue_mgmt_init

i.OS_remove_item
                0x000021f4       0xa0
 i.OS_remove_item
                0x000021f4       0xa0 C:\Program Files (x86)\Cypress\PSoC Creator\3.1\PSoC Creator\psoc\content\cycomponentlibraryupdates\CyComponentLibraryUpdates.cylib\BLE_v1_10\Library\gccCyBLEStack_BLE_SOC_PERIPHERAL.a(mint_os_queue.o)
                0x000021f4                OS_remove_item

i.OS_create_task
                0x00002294       0x88
 i.OS_create_task
                0x00002294       0x88 C:\Program Files (x86)\Cypress\PSoC Creator\3.1\PSoC Creator\psoc\content\cycomponentlibraryupdates\CyComponentLibraryUpdates.cylib\BLE_v1_10\Library\gccCyBLEStack_BLE_SOC_PERIPHERAL.a(mint_os_task.o)
                0x00002294                OS_create_task

i.OS_isr_send_signal_to_task
                0x0000231c        0xc
 i.OS_isr_send_signal_to_task
                0x0000231c        0xc C:\Program Files (x86)\Cypress\PSoC Creator\3.1\PSoC Creator\psoc\content\cycomponentlibraryupdates\CyComponentLibraryUpdates.cylib\BLE_v1_10\Library\gccCyBLEStack_BLE_SOC_PERIPHERAL.a(mint_os_task.o)
                0x0000231c                OS_isr_send_signal_to_task

i.OS_scheduler  0x00002328       0x64
 i.OS_scheduler
                0x00002328       0x64 C:\Program Files (x86)\Cypress\PSoC Creator\3.1\PSoC Creator\psoc\content\cycomponentlibraryupdates\CyComponentLibraryUpdates.cylib\BLE_v1_10\Library\gccCyBLEStack_BLE_SOC_PERIPHERAL.a(mint_os_task.o)
                0x00002328                OS_scheduler

i.OS_send_signal_to_task
                0x0000238c        0xc
 i.OS_send_signal_to_task
                0x0000238c        0xc C:\Program Files (x86)\Cypress\PSoC Creator\3.1\PSoC Creator\psoc\content\cycomponentlibraryupdates\CyComponentLibraryUpdates.cylib\BLE_v1_10\Library\gccCyBLEStack_BLE_SOC_PERIPHERAL.a(mint_os_task.o)
                0x0000238c                OS_send_signal_to_task

i.OS_send_signal_to_task_context
                0x00002398       0x3c
 i.OS_send_signal_to_task_context
                0x00002398       0x3c C:\Program Files (x86)\Cypress\PSoC Creator\3.1\PSoC Creator\psoc\content\cycomponentlibraryupdates\CyComponentLibraryUpdates.cylib\BLE_v1_10\Library\gccCyBLEStack_BLE_SOC_PERIPHERAL.a(mint_os_task.o)

i.OS_task_mgmt_init
                0x000023d4       0x50
 i.OS_task_mgmt_init
                0x000023d4       0x50 C:\Program Files (x86)\Cypress\PSoC Creator\3.1\PSoC Creator\psoc\content\cycomponentlibraryupdates\CyComponentLibraryUpdates.cylib\BLE_v1_10\Library\gccCyBLEStack_BLE_SOC_PERIPHERAL.a(mint_os_task.o)
                0x000023d4                OS_task_mgmt_init

i.mint_buf_mgmt_allocate_buffer
                0x00002424       0x4c
 i.mint_buf_mgmt_allocate_buffer
                0x00002424       0x4c C:\Program Files (x86)\Cypress\PSoC Creator\3.1\PSoC Creator\psoc\content\cycomponentlibraryupdates\CyComponentLibraryUpdates.cylib\BLE_v1_10\Library\gccCyBLEStack_BLE_SOC_PERIPHERAL.a(mint_buf_mgmt.o)
                0x00002424                mint_buf_mgmt_allocate_buffer

i.mint_buf_mgmt_create_pool
                0x00002470       0xd8
 i.mint_buf_mgmt_create_pool
                0x00002470       0xd8 C:\Program Files (x86)\Cypress\PSoC Creator\3.1\PSoC Creator\psoc\content\cycomponentlibraryupdates\CyComponentLibraryUpdates.cylib\BLE_v1_10\Library\gccCyBLEStack_BLE_SOC_PERIPHERAL.a(mint_buf_mgmt.o)
                0x00002470                mint_buf_mgmt_create_pool

i.mint_buf_mgmt_free_buffer
                0x00002548       0xa4
 i.mint_buf_mgmt_free_buffer
                0x00002548       0xa4 C:\Program Files (x86)\Cypress\PSoC Creator\3.1\PSoC Creator\psoc\content\cycomponentlibraryupdates\CyComponentLibraryUpdates.cylib\BLE_v1_10\Library\gccCyBLEStack_BLE_SOC_PERIPHERAL.a(mint_buf_mgmt.o)
                0x00002548                mint_buf_mgmt_free_buffer

i.mint_buf_mgmt_get_free_heap
                0x000025ec       0x1c
 i.mint_buf_mgmt_get_free_heap
                0x000025ec       0x1c C:\Program Files (x86)\Cypress\PSoC Creator\3.1\PSoC Creator\psoc\content\cycomponentlibraryupdates\CyComponentLibraryUpdates.cylib\BLE_v1_10\Library\gccCyBLEStack_BLE_SOC_PERIPHERAL.a(mint_buf_mgmt.o)
                0x000025ec                mint_buf_mgmt_get_free_heap

i.mint_buf_mgmt_init
                0x00002608       0x44
 i.mint_buf_mgmt_init
                0x00002608       0x44 C:\Program Files (x86)\Cypress\PSoC Creator\3.1\PSoC Creator\psoc\content\cycomponentlibraryupdates\CyComponentLibraryUpdates.cylib\BLE_v1_10\Library\gccCyBLEStack_BLE_SOC_PERIPHERAL.a(mint_buf_mgmt.o)
                0x00002608                mint_buf_mgmt_init

i.mint_buf_mgmt_malloc
                0x0000264c       0x2c
 i.mint_buf_mgmt_malloc
                0x0000264c       0x2c C:\Program Files (x86)\Cypress\PSoC Creator\3.1\PSoC Creator\psoc\content\cycomponentlibraryupdates\CyComponentLibraryUpdates.cylib\BLE_v1_10\Library\gccCyBLEStack_BLE_SOC_PERIPHERAL.a(mint_buf_mgmt.o)
                0x0000264c                mint_buf_mgmt_malloc

i.mint_buf_mgmt_reset_pool
                0x00002678       0x70
 i.mint_buf_mgmt_reset_pool
                0x00002678       0x70 C:\Program Files (x86)\Cypress\PSoC Creator\3.1\PSoC Creator\psoc\content\cycomponentlibraryupdates\CyComponentLibraryUpdates.cylib\BLE_v1_10\Library\gccCyBLEStack_BLE_SOC_PERIPHERAL.a(mint_buf_mgmt.o)
                0x00002678                mint_buf_mgmt_reset_pool

i.mint_buf_mgmt_stack_init
                0x000026e8       0x24
 i.mint_buf_mgmt_stack_init
                0x000026e8       0x24 C:\Program Files (x86)\Cypress\PSoC Creator\3.1\PSoC Creator\psoc\content\cycomponentlibraryupdates\CyComponentLibraryUpdates.cylib\BLE_v1_10\Library\gccCyBLEStack_BLE_SOC_PERIPHERAL.a(mint_buf_mgmt.o)
                0x000026e8                mint_buf_mgmt_stack_init

i.mint_buf_mgmt_stack_pop
                0x0000270c       0x36
 i.mint_buf_mgmt_stack_pop
                0x0000270c       0x36 C:\Program Files (x86)\Cypress\PSoC Creator\3.1\PSoC Creator\psoc\content\cycomponentlibraryupdates\CyComponentLibraryUpdates.cylib\BLE_v1_10\Library\gccCyBLEStack_BLE_SOC_PERIPHERAL.a(mint_buf_mgmt.o)
                0x0000270c                mint_buf_mgmt_stack_pop

i.mint_buf_mgmt_stack_push
                0x00002742       0x36
 i.mint_buf_mgmt_stack_push
                0x00002742       0x36 C:\Program Files (x86)\Cypress\PSoC Creator\3.1\PSoC Creator\psoc\content\cycomponentlibraryupdates\CyComponentLibraryUpdates.cylib\BLE_v1_10\Library\gccCyBLEStack_BLE_SOC_PERIPHERAL.a(mint_buf_mgmt.o)
                0x00002742                mint_buf_mgmt_stack_push

i.mint_buf_mgmt_stack_reset
                0x00002778       0x1e
 i.mint_buf_mgmt_stack_reset
                0x00002778       0x1e C:\Program Files (x86)\Cypress\PSoC Creator\3.1\PSoC Creator\psoc\content\cycomponentlibraryupdates\CyComponentLibraryUpdates.cylib\BLE_v1_10\Library\gccCyBLEStack_BLE_SOC_PERIPHERAL.a(mint_buf_mgmt.o)
                0x00002778                mint_buf_mgmt_stack_reset

i.mint_buf_mgmt_stack_search_item
                0x00002796       0x30
 i.mint_buf_mgmt_stack_search_item
                0x00002796       0x30 C:\Program Files (x86)\Cypress\PSoC Creator\3.1\PSoC Creator\psoc\content\cycomponentlibraryupdates\CyComponentLibraryUpdates.cylib\BLE_v1_10\Library\gccCyBLEStack_BLE_SOC_PERIPHERAL.a(mint_buf_mgmt.o)
                0x00002796                mint_buf_mgmt_stack_search_item

i.mint_buf_mgmt_pl_init
                0x000027c8       0x2c
 i.mint_buf_mgmt_pl_init
                0x000027c8       0x2c C:\Program Files (x86)\Cypress\PSoC Creator\3.1\PSoC Creator\psoc\content\cycomponentlibraryupdates\CyComponentLibraryUpdates.cylib\BLE_v1_10\Library\gccCyBLEStack_BLE_SOC_PERIPHERAL.a(mint_buf_mgmt_pl.o)
                0x000027c8                mint_buf_mgmt_pl_init

i.CyBleControllerIP_GetPingState
                0x000027f4        0xc
 i.CyBleControllerIP_GetPingState
                0x000027f4        0xc C:\Program Files (x86)\Cypress\PSoC Creator\3.1\PSoC Creator\psoc\content\cycomponentlibraryupdates\CyComponentLibraryUpdates.cylib\BLE_v1_10\Library\gccCyBLEStack_BLE_SOC_PERIPHERAL.a(CyBleControllerIP_Interface.o)
                0x000027f4                CyBleControllerIP_GetPingState

i.CyBleController_AddDeviceToWhiteList
                0x00002800       0x40
 i.CyBleController_AddDeviceToWhiteList
                0x00002800       0x40 C:\Program Files (x86)\Cypress\PSoC Creator\3.1\PSoC Creator\psoc\content\cycomponentlibraryupdates\CyComponentLibraryUpdates.cylib\BLE_v1_10\Library\gccCyBLEStack_BLE_SOC_PERIPHERAL.a(CyBleControllerIP_Interface.o)
                0x00002800                CyBleController_AddDeviceToWhiteList

i.CyBleController_ExitLowPowerMode
                0x00002840       0x10
 i.CyBleController_ExitLowPowerMode
                0x00002840       0x10 C:\Program Files (x86)\Cypress\PSoC Creator\3.1\PSoC Creator\psoc\content\cycomponentlibraryupdates\CyComponentLibraryUpdates.cylib\BLE_v1_10\Library\gccCyBLEStack_BLE_SOC_PERIPHERAL.a(CyBleControllerIP_Interface.o)
                0x00002840                CyBleController_ExitLowPowerMode

i.CyBleController_Init
                0x00002850       0x3c
 i.CyBleController_Init
                0x00002850       0x3c C:\Program Files (x86)\Cypress\PSoC Creator\3.1\PSoC Creator\psoc\content\cycomponentlibraryupdates\CyComponentLibraryUpdates.cylib\BLE_v1_10\Library\gccCyBLEStack_BLE_SOC_PERIPHERAL.a(CyBleControllerIP_Interface.o)
                0x00002850                CyBleController_Init

i.CyBleController_SetDeviceAddress
                0x0000288c       0x2e
 i.CyBleController_SetDeviceAddress
                0x0000288c       0x2e C:\Program Files (x86)\Cypress\PSoC Creator\3.1\PSoC Creator\psoc\content\cycomponentlibraryupdates\CyComponentLibraryUpdates.cylib\BLE_v1_10\Library\gccCyBLEStack_BLE_SOC_PERIPHERAL.a(CyBleControllerIP_Interface.o)
                0x0000288c                CyBleController_SetDeviceAddress

i.CyBle_GetTxPowerLevel
                0x000028ba       0x4e
 i.CyBle_GetTxPowerLevel
                0x000028ba       0x4e C:\Program Files (x86)\Cypress\PSoC Creator\3.1\PSoC Creator\psoc\content\cycomponentlibraryupdates\CyComponentLibraryUpdates.cylib\BLE_v1_10\Library\gccCyBLEStack_BLE_SOC_PERIPHERAL.a(CyBleControllerIP_Interface.o)
                0x000028ba                CyBle_GetTxPowerLevel

i.CyBle_SetTxPowerLevel
                0x00002908       0x56
 i.CyBle_SetTxPowerLevel
                0x00002908       0x56 C:\Program Files (x86)\Cypress\PSoC Creator\3.1\PSoC Creator\psoc\content\cycomponentlibraryupdates\CyComponentLibraryUpdates.cylib\BLE_v1_10\Library\gccCyBLEStack_BLE_SOC_PERIPHERAL.a(CyBleControllerIP_Interface.o)
                0x00002908                CyBle_SetTxPowerLevel

i.ll_check_and_mark_packet_ready_for_transmission
                0x00002960       0x28
 i.ll_check_and_mark_packet_ready_for_transmission
                0x00002960       0x28 C:\Program Files (x86)\Cypress\PSoC Creator\3.1\PSoC Creator\psoc\content\cycomponentlibraryupdates\CyComponentLibraryUpdates.cylib\BLE_v1_10\Library\gccCyBLEStack_BLE_SOC_PERIPHERAL.a(ll.o)
                0x00002960                ll_check_and_mark_packet_ready_for_transmission

i.ll_cleanup_pending_data_pdu
                0x00002988       0x38
 i.ll_cleanup_pending_data_pdu
                0x00002988       0x38 C:\Program Files (x86)\Cypress\PSoC Creator\3.1\PSoC Creator\psoc\content\cycomponentlibraryupdates\CyComponentLibraryUpdates.cylib\BLE_v1_10\Library\gccCyBLEStack_BLE_SOC_PERIPHERAL.a(ll.o)
                0x00002988                ll_cleanup_pending_data_pdu

i.ll_exit_low_power_mode
                0x000029c0       0x98
 i.ll_exit_low_power_mode
                0x000029c0       0x98 C:\Program Files (x86)\Cypress\PSoC Creator\3.1\PSoC Creator\psoc\content\cycomponentlibraryupdates\CyComponentLibraryUpdates.cylib\BLE_v1_10\Library\gccCyBLEStack_BLE_SOC_PERIPHERAL.a(ll.o)
                0x000029c0                ll_exit_low_power_mode

i.ll_get_ack_status
                0x00002a58       0x3c
 i.ll_get_ack_status
                0x00002a58       0x3c C:\Program Files (x86)\Cypress\PSoC Creator\3.1\PSoC Creator\psoc\content\cycomponentlibraryupdates\CyComponentLibraryUpdates.cylib\BLE_v1_10\Library\gccCyBLEStack_BLE_SOC_PERIPHERAL.a(ll.o)
                0x00002a58                ll_get_ack_status

i.ll_get_adv_ch_tx_power
                0x00002a94       0x20
 i.ll_get_adv_ch_tx_power
                0x00002a94       0x20 C:\Program Files (x86)\Cypress\PSoC Creator\3.1\PSoC Creator\psoc\content\cycomponentlibraryupdates\CyComponentLibraryUpdates.cylib\BLE_v1_10\Library\gccCyBLEStack_BLE_SOC_PERIPHERAL.a(ll.o)
                0x00002a94                ll_get_adv_ch_tx_power

i.ll_get_data_channel_map
                0x00002ab4       0x24
 i.ll_get_data_channel_map
                0x00002ab4       0x24 C:\Program Files (x86)\Cypress\PSoC Creator\3.1\PSoC Creator\psoc\content\cycomponentlibraryupdates\CyComponentLibraryUpdates.cylib\BLE_v1_10\Library\gccCyBLEStack_BLE_SOC_PERIPHERAL.a(ll.o)
                0x00002ab4                ll_get_data_channel_map

i.ll_get_max_white_list_size
                0x00002ad8        0xc
 i.ll_get_max_white_list_size
                0x00002ad8        0xc C:\Program Files (x86)\Cypress\PSoC Creator\3.1\PSoC Creator\psoc\content\cycomponentlibraryupdates\CyComponentLibraryUpdates.cylib\BLE_v1_10\Library\gccCyBLEStack_BLE_SOC_PERIPHERAL.a(ll.o)
                0x00002ad8                ll_get_max_white_list_size

i.ll_get_my_role
                0x00002ae4        0xc
 i.ll_get_my_role
                0x00002ae4        0xc C:\Program Files (x86)\Cypress\PSoC Creator\3.1\PSoC Creator\psoc\content\cycomponentlibraryupdates\CyComponentLibraryUpdates.cylib\BLE_v1_10\Library\gccCyBLEStack_BLE_SOC_PERIPHERAL.a(ll.o)
                0x00002ae4                ll_get_my_role

i.ll_get_next_available_fifo_for_data_pdu
                0x00002af0        0x8
 i.ll_get_next_available_fifo_for_data_pdu
                0x00002af0        0x8 C:\Program Files (x86)\Cypress\PSoC Creator\3.1\PSoC Creator\psoc\content\cycomponentlibraryupdates\CyComponentLibraryUpdates.cylib\BLE_v1_10\Library\gccCyBLEStack_BLE_SOC_PERIPHERAL.a(ll.o)
                0x00002af0                ll_get_next_available_fifo_for_data_pdu

i.ll_get_next_available_fifo_for_ll_pdu
                0x00002af8       0x24
 i.ll_get_next_available_fifo_for_ll_pdu
                0x00002af8       0x24 C:\Program Files (x86)\Cypress\PSoC Creator\3.1\PSoC Creator\psoc\content\cycomponentlibraryupdates\CyComponentLibraryUpdates.cylib\BLE_v1_10\Library\gccCyBLEStack_BLE_SOC_PERIPHERAL.a(ll.o)
                0x00002af8                ll_get_next_available_fifo_for_ll_pdu

i.ll_get_rssi_value
                0x00002b1c       0x26
 i.ll_get_rssi_value
                0x00002b1c       0x26 C:\Program Files (x86)\Cypress\PSoC Creator\3.1\PSoC Creator\psoc\content\cycomponentlibraryupdates\CyComponentLibraryUpdates.cylib\BLE_v1_10\Library\gccCyBLEStack_BLE_SOC_PERIPHERAL.a(ll.o)
                0x00002b1c                ll_get_rssi_value

i.ll_get_transmit_power_level
                0x00002b44       0x2c
 i.ll_get_transmit_power_level
                0x00002b44       0x2c C:\Program Files (x86)\Cypress\PSoC Creator\3.1\PSoC Creator\psoc\content\cycomponentlibraryupdates\CyComponentLibraryUpdates.cylib\BLE_v1_10\Library\gccCyBLEStack_BLE_SOC_PERIPHERAL.a(ll.o)
                0x00002b44                ll_get_transmit_power_level

i.ll_handle_ack_received
                0x00002b70       0x74
 i.ll_handle_ack_received
                0x00002b70       0x74 C:\Program Files (x86)\Cypress\PSoC Creator\3.1\PSoC Creator\psoc\content\cycomponentlibraryupdates\CyComponentLibraryUpdates.cylib\BLE_v1_10\Library\gccCyBLEStack_BLE_SOC_PERIPHERAL.a(ll.o)
                0x00002b70                ll_handle_ack_received

i.ll_handle_add_device_in_whitelist
                0x00002be4       0x3a
 i.ll_handle_add_device_in_whitelist
                0x00002be4       0x3a C:\Program Files (x86)\Cypress\PSoC Creator\3.1\PSoC Creator\psoc\content\cycomponentlibraryupdates\CyComponentLibraryUpdates.cylib\BLE_v1_10\Library\gccCyBLEStack_BLE_SOC_PERIPHERAL.a(ll.o)
                0x00002be4                ll_handle_add_device_in_whitelist

i.ll_handle_clear_whitelist
                0x00002c1e       0x16
 i.ll_handle_clear_whitelist
                0x00002c1e       0x16 C:\Program Files (x86)\Cypress\PSoC Creator\3.1\PSoC Creator\psoc\content\cycomponentlibraryupdates\CyComponentLibraryUpdates.cylib\BLE_v1_10\Library\gccCyBLEStack_BLE_SOC_PERIPHERAL.a(ll.o)
                0x00002c1e                ll_handle_clear_whitelist

i.ll_handle_encrypt_host_data
                0x00002c34       0x36
 i.ll_handle_encrypt_host_data
                0x00002c34       0x36 C:\Program Files (x86)\Cypress\PSoC Creator\3.1\PSoC Creator\psoc\content\cycomponentlibraryupdates\CyComponentLibraryUpdates.cylib\BLE_v1_10\Library\gccCyBLEStack_BLE_SOC_PERIPHERAL.a(ll.o)
                0x00002c34                ll_handle_encrypt_host_data

i.ll_handle_host_data_packet
                0x00002c6a       0x54
 i.ll_handle_host_data_packet
                0x00002c6a       0x54 C:\Program Files (x86)\Cypress\PSoC Creator\3.1\PSoC Creator\psoc\content\cycomponentlibraryupdates\CyComponentLibraryUpdates.cylib\BLE_v1_10\Library\gccCyBLEStack_BLE_SOC_PERIPHERAL.a(ll.o)
                0x00002c6a                ll_handle_host_data_packet

i.ll_handle_read_host_channel_map
                0x00002cbe        0x4
 i.ll_handle_read_host_channel_map
                0x00002cbe        0x4 C:\Program Files (x86)\Cypress\PSoC Creator\3.1\PSoC Creator\psoc\content\cycomponentlibraryupdates\CyComponentLibraryUpdates.cylib\BLE_v1_10\Library\gccCyBLEStack_BLE_SOC_PERIPHERAL.a(ll.o)
                0x00002cbe                ll_handle_read_host_channel_map

i.ll_handle_remove_device_in_whitelist
                0x00002cc2       0x2a
 i.ll_handle_remove_device_in_whitelist
                0x00002cc2       0x2a C:\Program Files (x86)\Cypress\PSoC Creator\3.1\PSoC Creator\psoc\content\cycomponentlibraryupdates\CyComponentLibraryUpdates.cylib\BLE_v1_10\Library\gccCyBLEStack_BLE_SOC_PERIPHERAL.a(ll.o)
                0x00002cc2                ll_handle_remove_device_in_whitelist

i.ll_handle_reset
                0x00002cec        0xe
 i.ll_handle_reset
                0x00002cec        0xe C:\Program Files (x86)\Cypress\PSoC Creator\3.1\PSoC Creator\psoc\content\cycomponentlibraryupdates\CyComponentLibraryUpdates.cylib\BLE_v1_10\Library\gccCyBLEStack_BLE_SOC_PERIPHERAL.a(ll.o)
                0x00002cec                ll_handle_reset

i.ll_handle_set_random_address
                0x00002cfa       0x36
 i.ll_handle_set_random_address
                0x00002cfa       0x36 C:\Program Files (x86)\Cypress\PSoC Creator\3.1\PSoC Creator\psoc\content\cycomponentlibraryupdates\CyComponentLibraryUpdates.cylib\BLE_v1_10\Library\gccCyBLEStack_BLE_SOC_PERIPHERAL.a(ll.o)
                0x00002cfa                ll_handle_set_random_address

i.ll_init       0x00002d30       0x18
 i.ll_init      0x00002d30       0x18 C:\Program Files (x86)\Cypress\PSoC Creator\3.1\PSoC Creator\psoc\content\cycomponentlibraryupdates\CyComponentLibraryUpdates.cylib\BLE_v1_10\Library\gccCyBLEStack_BLE_SOC_PERIPHERAL.a(ll.o)
                0x00002d30                ll_init

i.ll_initialize_device_attributes
                0x00002d48       0x4c
 i.ll_initialize_device_attributes
                0x00002d48       0x4c C:\Program Files (x86)\Cypress\PSoC Creator\3.1\PSoC Creator\psoc\content\cycomponentlibraryupdates\CyComponentLibraryUpdates.cylib\BLE_v1_10\Library\gccCyBLEStack_BLE_SOC_PERIPHERAL.a(ll.o)
                0x00002d48                ll_initialize_device_attributes

i.ll_is_pkt_pending
                0x00002d94       0x2a
 i.ll_is_pkt_pending
                0x00002d94       0x2a C:\Program Files (x86)\Cypress\PSoC Creator\3.1\PSoC Creator\psoc\content\cycomponentlibraryupdates\CyComponentLibraryUpdates.cylib\BLE_v1_10\Library\gccCyBLEStack_BLE_SOC_PERIPHERAL.a(ll.o)
                0x00002d94                ll_is_pkt_pending

i.ll_is_sent_pkt_pending
                0x00002dbe       0x1a
 i.ll_is_sent_pkt_pending
                0x00002dbe       0x1a C:\Program Files (x86)\Cypress\PSoC Creator\3.1\PSoC Creator\psoc\content\cycomponentlibraryupdates\CyComponentLibraryUpdates.cylib\BLE_v1_10\Library\gccCyBLEStack_BLE_SOC_PERIPHERAL.a(ll.o)
                0x00002dbe                ll_is_sent_pkt_pending

i.ll_isr_exit_low_power_mode
                0x00002dd8       0x16
 i.ll_isr_exit_low_power_mode
                0x00002dd8       0x16 C:\Program Files (x86)\Cypress\PSoC Creator\3.1\PSoC Creator\psoc\content\cycomponentlibraryupdates\CyComponentLibraryUpdates.cylib\BLE_v1_10\Library\gccCyBLEStack_BLE_SOC_PERIPHERAL.a(ll.o)
                0x00002dd8                ll_isr_exit_low_power_mode

i.ll_load_host_data_packet
                0x00002dee       0x4a
 i.ll_load_host_data_packet
                0x00002dee       0x4a C:\Program Files (x86)\Cypress\PSoC Creator\3.1\PSoC Creator\psoc\content\cycomponentlibraryupdates\CyComponentLibraryUpdates.cylib\BLE_v1_10\Library\gccCyBLEStack_BLE_SOC_PERIPHERAL.a(ll.o)
                0x00002dee                ll_load_host_data_packet

i.ll_load_packet_to_fifo
                0x00002e38       0x6e
 i.ll_load_packet_to_fifo
                0x00002e38       0x6e C:\Program Files (x86)\Cypress\PSoC Creator\3.1\PSoC Creator\psoc\content\cycomponentlibraryupdates\CyComponentLibraryUpdates.cylib\BLE_v1_10\Library\gccCyBLEStack_BLE_SOC_PERIPHERAL.a(ll.o)
                0x00002e38                ll_load_packet_to_fifo

i.ll_process_acks
                0x00002ea6       0x3c
 i.ll_process_acks
                0x00002ea6       0x3c C:\Program Files (x86)\Cypress\PSoC Creator\3.1\PSoC Creator\psoc\content\cycomponentlibraryupdates\CyComponentLibraryUpdates.cylib\BLE_v1_10\Library\gccCyBLEStack_BLE_SOC_PERIPHERAL.a(ll.o)
                0x00002ea6                ll_process_acks

i.ll_reset      0x00002ee2       0x12
 i.ll_reset     0x00002ee2       0x12 C:\Program Files (x86)\Cypress\PSoC Creator\3.1\PSoC Creator\psoc\content\cycomponentlibraryupdates\CyComponentLibraryUpdates.cylib\BLE_v1_10\Library\gccCyBLEStack_BLE_SOC_PERIPHERAL.a(ll.o)
                0x00002ee2                ll_reset

i.ll_update_active_features
                0x00002ef4       0x58
 i.ll_update_active_features
                0x00002ef4       0x58 C:\Program Files (x86)\Cypress\PSoC Creator\3.1\PSoC Creator\psoc\content\cycomponentlibraryupdates\CyComponentLibraryUpdates.cylib\BLE_v1_10\Library\gccCyBLEStack_BLE_SOC_PERIPHERAL.a(ll.o)
                0x00002ef4                ll_update_active_features

i.ll_update_device_fsm
                0x00002f4c        0x8
 i.ll_update_device_fsm
                0x00002f4c        0x8 C:\Program Files (x86)\Cypress\PSoC Creator\3.1\PSoC Creator\psoc\content\cycomponentlibraryupdates\CyComponentLibraryUpdates.cylib\BLE_v1_10\Library\gccCyBLEStack_BLE_SOC_PERIPHERAL.a(ll.o)
                0x00002f4c                ll_update_device_fsm

i.pf_le_start_timer
                0x00002f54       0x16
 i.pf_le_start_timer
                0x00002f54       0x16 C:\Program Files (x86)\Cypress\PSoC Creator\3.1\PSoC Creator\psoc\content\cycomponentlibraryupdates\CyComponentLibraryUpdates.cylib\BLE_v1_10\Library\gccCyBLEStack_BLE_SOC_PERIPHERAL.a(ll.o)
                0x00002f54                pf_le_start_timer

i.pf_le_stop_timer
                0x00002f6a       0x12
 i.pf_le_stop_timer
                0x00002f6a       0x12 C:\Program Files (x86)\Cypress\PSoC Creator\3.1\PSoC Creator\psoc\content\cycomponentlibraryupdates\CyComponentLibraryUpdates.cylib\BLE_v1_10\Library\gccCyBLEStack_BLE_SOC_PERIPHERAL.a(ll.o)
                0x00002f6a                pf_le_stop_timer

i.CyBleControllerIP_TuneAdvEventInterPktSlots
                0x00002f7c       0x44
 i.CyBleControllerIP_TuneAdvEventInterPktSlots
                0x00002f7c       0x44 C:\Program Files (x86)\Cypress\PSoC Creator\3.1\PSoC Creator\psoc\content\cycomponentlibraryupdates\CyComponentLibraryUpdates.cylib\BLE_v1_10\Library\gccCyBLEStack_BLE_SOC_PERIPHERAL.a(ll_advertiser.o)
                0x00002f7c                CyBleControllerIP_TuneAdvEventInterPktSlots

i.ll_adv_is_configured_connection_adv
                0x00002fc0       0x1e
 i.ll_adv_is_configured_connection_adv
                0x00002fc0       0x1e C:\Program Files (x86)\Cypress\PSoC Creator\3.1\PSoC Creator\psoc\content\cycomponentlibraryupdates\CyComponentLibraryUpdates.cylib\BLE_v1_10\Library\gccCyBLEStack_BLE_SOC_PERIPHERAL.a(ll_advertiser.o)
                0x00002fc0                ll_adv_is_configured_connection_adv

i.ll_check_random_address_in_use_by_advertiser
                0x00002fde       0x10
 i.ll_check_random_address_in_use_by_advertiser
                0x00002fde       0x10 C:\Program Files (x86)\Cypress\PSoC Creator\3.1\PSoC Creator\psoc\content\cycomponentlibraryupdates\CyComponentLibraryUpdates.cylib\BLE_v1_10\Library\gccCyBLEStack_BLE_SOC_PERIPHERAL.a(ll_advertiser.o)
                0x00002fde                ll_check_random_address_in_use_by_advertiser

i.ll_check_whitelist_in_use_by_advertiser
                0x00002fee       0x10
 i.ll_check_whitelist_in_use_by_advertiser
                0x00002fee       0x10 C:\Program Files (x86)\Cypress\PSoC Creator\3.1\PSoC Creator\psoc\content\cycomponentlibraryupdates\CyComponentLibraryUpdates.cylib\BLE_v1_10\Library\gccCyBLEStack_BLE_SOC_PERIPHERAL.a(ll_advertiser.o)
                0x00002fee                ll_check_whitelist_in_use_by_advertiser

i.ll_get_adv_status
                0x00002ffe        0xc
 i.ll_get_adv_status
                0x00002ffe        0xc C:\Program Files (x86)\Cypress\PSoC Creator\3.1\PSoC Creator\psoc\content\cycomponentlibraryupdates\CyComponentLibraryUpdates.cylib\BLE_v1_10\Library\gccCyBLEStack_BLE_SOC_PERIPHERAL.a(ll_advertiser.o)
                0x00002ffe                ll_get_adv_status

i.ll_get_adv_type
                0x0000300a       0x16
 i.ll_get_adv_type
                0x0000300a       0x16 C:\Program Files (x86)\Cypress\PSoC Creator\3.1\PSoC Creator\psoc\content\cycomponentlibraryupdates\CyComponentLibraryUpdates.cylib\BLE_v1_10\Library\gccCyBLEStack_BLE_SOC_PERIPHERAL.a(ll_advertiser.o)
                0x0000300a                ll_get_adv_type

i.ll_handle_adv_intr
                0x00003020       0x50
 i.ll_handle_adv_intr
                0x00003020       0x50 C:\Program Files (x86)\Cypress\PSoC Creator\3.1\PSoC Creator\psoc\content\cycomponentlibraryupdates\CyComponentLibraryUpdates.cylib\BLE_v1_10\Library\gccCyBLEStack_BLE_SOC_PERIPHERAL.a(ll_advertiser.o)
                0x00003020                ll_handle_adv_intr

i.ll_handle_set_adv_data
                0x00003070       0x14
 i.ll_handle_set_adv_data
                0x00003070       0x14 C:\Program Files (x86)\Cypress\PSoC Creator\3.1\PSoC Creator\psoc\content\cycomponentlibraryupdates\CyComponentLibraryUpdates.cylib\BLE_v1_10\Library\gccCyBLEStack_BLE_SOC_PERIPHERAL.a(ll_advertiser.o)
                0x00003070                ll_handle_set_adv_data

i.ll_handle_set_adv_parameters
                0x00003084       0x84
 i.ll_handle_set_adv_parameters
                0x00003084       0x84 C:\Program Files (x86)\Cypress\PSoC Creator\3.1\PSoC Creator\psoc\content\cycomponentlibraryupdates\CyComponentLibraryUpdates.cylib\BLE_v1_10\Library\gccCyBLEStack_BLE_SOC_PERIPHERAL.a(ll_advertiser.o)
                0x00003084                ll_handle_set_adv_parameters

i.ll_handle_set_advertise_enable
                0x00003108       0x70
 i.ll_handle_set_advertise_enable
                0x00003108       0x70 C:\Program Files (x86)\Cypress\PSoC Creator\3.1\PSoC Creator\psoc\content\cycomponentlibraryupdates\CyComponentLibraryUpdates.cylib\BLE_v1_10\Library\gccCyBLEStack_BLE_SOC_PERIPHERAL.a(ll_advertiser.o)
                0x00003108                ll_handle_set_advertise_enable

i.ll_handle_set_scan_resp_data
                0x00003178       0x14
 i.ll_handle_set_scan_resp_data
                0x00003178       0x14 C:\Program Files (x86)\Cypress\PSoC Creator\3.1\PSoC Creator\psoc\content\cycomponentlibraryupdates\CyComponentLibraryUpdates.cylib\BLE_v1_10\Library\gccCyBLEStack_BLE_SOC_PERIPHERAL.a(ll_advertiser.o)
                0x00003178                ll_handle_set_scan_resp_data

i.ll_init_advertiser
                0x0000318c       0x68
 i.ll_init_advertiser
                0x0000318c       0x68 C:\Program Files (x86)\Cypress\PSoC Creator\3.1\PSoC Creator\psoc\content\cycomponentlibraryupdates\CyComponentLibraryUpdates.cylib\BLE_v1_10\Library\gccCyBLEStack_BLE_SOC_PERIPHERAL.a(ll_advertiser.o)
                0x0000318c                ll_init_advertiser

i.is_le_connection_handle
                0x000031f4       0x28
 i.is_le_connection_handle
                0x000031f4       0x28 C:\Program Files (x86)\Cypress\PSoC Creator\3.1\PSoC Creator\psoc\content\cycomponentlibraryupdates\CyComponentLibraryUpdates.cylib\BLE_v1_10\Library\gccCyBLEStack_BLE_SOC_PERIPHERAL.a(ll_connection.o)
                0x000031f4                is_le_connection_handle

i.le_assign_connection_handle
                0x0000321c       0x28
 i.le_assign_connection_handle
                0x0000321c       0x28 C:\Program Files (x86)\Cypress\PSoC Creator\3.1\PSoC Creator\psoc\content\cycomponentlibraryupdates\CyComponentLibraryUpdates.cylib\BLE_v1_10\Library\gccCyBLEStack_BLE_SOC_PERIPHERAL.a(ll_connection.o)
                0x0000321c                le_assign_connection_handle

i.le_get_connection_index
                0x00003244        0x6
 i.le_get_connection_index
                0x00003244        0x6 C:\Program Files (x86)\Cypress\PSoC Creator\3.1\PSoC Creator\psoc\content\cycomponentlibraryupdates\CyComponentLibraryUpdates.cylib\BLE_v1_10\Library\gccCyBLEStack_BLE_SOC_PERIPHERAL.a(ll_connection.o)
                0x00003244                le_get_connection_index

i.ll_allocate_connection
                0x0000324c       0x44
 i.ll_allocate_connection
                0x0000324c       0x44 C:\Program Files (x86)\Cypress\PSoC Creator\3.1\PSoC Creator\psoc\content\cycomponentlibraryupdates\CyComponentLibraryUpdates.cylib\BLE_v1_10\Library\gccCyBLEStack_BLE_SOC_PERIPHERAL.a(ll_connection.o)
                0x0000324c                ll_allocate_connection

i.ll_calculate_and_program_def_win_widen_drift
                0x00003290       0x14
 i.ll_calculate_and_program_def_win_widen_drift
                0x00003290       0x14 C:\Program Files (x86)\Cypress\PSoC Creator\3.1\PSoC Creator\psoc\content\cycomponentlibraryupdates\CyComponentLibraryUpdates.cylib\BLE_v1_10\Library\gccCyBLEStack_BLE_SOC_PERIPHERAL.a(ll_connection.o)
                0x00003290                ll_calculate_and_program_def_win_widen_drift

i.ll_calculate_drift
                0x000032a4       0x2c
 i.ll_calculate_drift
                0x000032a4       0x2c C:\Program Files (x86)\Cypress\PSoC Creator\3.1\PSoC Creator\psoc\content\cycomponentlibraryupdates\CyComponentLibraryUpdates.cylib\BLE_v1_10\Library\gccCyBLEStack_BLE_SOC_PERIPHERAL.a(ll_connection.o)
                0x000032a4                ll_calculate_drift

i.ll_check_and_decrypt_ll_pdu
                0x000032d0       0x68
 i.ll_check_and_decrypt_ll_pdu
                0x000032d0       0x68 C:\Program Files (x86)\Cypress\PSoC Creator\3.1\PSoC Creator\psoc\content\cycomponentlibraryupdates\CyComponentLibraryUpdates.cylib\BLE_v1_10\Library\gccCyBLEStack_BLE_SOC_PERIPHERAL.a(ll_connection.o)
                0x000032d0                ll_check_and_decrypt_ll_pdu

i.ll_check_and_decrypt_packet
                0x00003338       0x6a
 i.ll_check_and_decrypt_packet
                0x00003338       0x6a C:\Program Files (x86)\Cypress\PSoC Creator\3.1\PSoC Creator\psoc\content\cycomponentlibraryupdates\CyComponentLibraryUpdates.cylib\BLE_v1_10\Library\gccCyBLEStack_BLE_SOC_PERIPHERAL.a(ll_connection.o)
                0x00003338                ll_check_and_decrypt_packet

i.ll_check_and_encrypt_ll_pdu
                0x000033a2       0x72
 i.ll_check_and_encrypt_ll_pdu
                0x000033a2       0x72 C:\Program Files (x86)\Cypress\PSoC Creator\3.1\PSoC Creator\psoc\content\cycomponentlibraryupdates\CyComponentLibraryUpdates.cylib\BLE_v1_10\Library\gccCyBLEStack_BLE_SOC_PERIPHERAL.a(ll_connection.o)
                0x000033a2                ll_check_and_encrypt_ll_pdu

i.ll_check_and_encrypt_packet
                0x00003414       0x8a
 i.ll_check_and_encrypt_packet
                0x00003414       0x8a C:\Program Files (x86)\Cypress\PSoC Creator\3.1\PSoC Creator\psoc\content\cycomponentlibraryupdates\CyComponentLibraryUpdates.cylib\BLE_v1_10\Library\gccCyBLEStack_BLE_SOC_PERIPHERAL.a(ll_connection.o)
                0x00003414                ll_check_and_encrypt_packet

i.ll_check_for_allowing_incoming_connection_update
                0x0000349e       0x42
 i.ll_check_for_allowing_incoming_connection_update
                0x0000349e       0x42 C:\Program Files (x86)\Cypress\PSoC Creator\3.1\PSoC Creator\psoc\content\cycomponentlibraryupdates\CyComponentLibraryUpdates.cylib\BLE_v1_10\Library\gccCyBLEStack_BLE_SOC_PERIPHERAL.a(ll_connection.o)
                0x0000349e                ll_check_for_allowing_incoming_connection_update

i.ll_check_if_pdu_is_loaded_to_hardware
                0x000034e0       0x1c
 i.ll_check_if_pdu_is_loaded_to_hardware
                0x000034e0       0x1c C:\Program Files (x86)\Cypress\PSoC Creator\3.1\PSoC Creator\psoc\content\cycomponentlibraryupdates\CyComponentLibraryUpdates.cylib\BLE_v1_10\Library\gccCyBLEStack_BLE_SOC_PERIPHERAL.a(ll_connection.o)
                0x000034e0                ll_check_if_pdu_is_loaded_to_hardware

i.ll_check_random_address_in_use_by_initiator
                0x000034fc       0x30
 i.ll_check_random_address_in_use_by_initiator
                0x000034fc       0x30 C:\Program Files (x86)\Cypress\PSoC Creator\3.1\PSoC Creator\psoc\content\cycomponentlibraryupdates\CyComponentLibraryUpdates.cylib\BLE_v1_10\Library\gccCyBLEStack_BLE_SOC_PERIPHERAL.a(ll_connection.o)
                0x000034fc                ll_check_random_address_in_use_by_initiator

i.ll_check_white_list_in_use_by_initiator
                0x0000352c       0x30
 i.ll_check_white_list_in_use_by_initiator
                0x0000352c       0x30 C:\Program Files (x86)\Cypress\PSoC Creator\3.1\PSoC Creator\psoc\content\cycomponentlibraryupdates\CyComponentLibraryUpdates.cylib\BLE_v1_10\Library\gccCyBLEStack_BLE_SOC_PERIPHERAL.a(ll_connection.o)
                0x0000352c                ll_check_white_list_in_use_by_initiator

i.ll_conn_free_enc_txn_buffer
                0x0000355c       0x16
 i.ll_conn_free_enc_txn_buffer
                0x0000355c       0x16 C:\Program Files (x86)\Cypress\PSoC Creator\3.1\PSoC Creator\psoc\content\cycomponentlibraryupdates\CyComponentLibraryUpdates.cylib\BLE_v1_10\Library\gccCyBLEStack_BLE_SOC_PERIPHERAL.a(ll_connection.o)
                0x0000355c                ll_conn_free_enc_txn_buffer

i.ll_conn_fsm_update_channel_state
                0x00003572        0x6
 i.ll_conn_fsm_update_channel_state
                0x00003572        0x6 C:\Program Files (x86)\Cypress\PSoC Creator\3.1\PSoC Creator\psoc\content\cycomponentlibraryupdates\CyComponentLibraryUpdates.cylib\BLE_v1_10\Library\gccCyBLEStack_BLE_SOC_PERIPHERAL.a(ll_connection.o)
                0x00003572                ll_conn_fsm_update_channel_state

i.ll_conn_fsm_update_conn_update_state
                0x00003578        0x6
 i.ll_conn_fsm_update_conn_update_state
                0x00003578        0x6 C:\Program Files (x86)\Cypress\PSoC Creator\3.1\PSoC Creator\psoc\content\cycomponentlibraryupdates\CyComponentLibraryUpdates.cylib\BLE_v1_10\Library\gccCyBLEStack_BLE_SOC_PERIPHERAL.a(ll_connection.o)
                0x00003578                ll_conn_fsm_update_conn_update_state

i.ll_conn_fsm_update_enc_state
                0x0000357e        0x6
 i.ll_conn_fsm_update_enc_state
                0x0000357e        0x6 C:\Program Files (x86)\Cypress\PSoC Creator\3.1\PSoC Creator\psoc\content\cycomponentlibraryupdates\CyComponentLibraryUpdates.cylib\BLE_v1_10\Library\gccCyBLEStack_BLE_SOC_PERIPHERAL.a(ll_connection.o)
                0x0000357e                ll_conn_fsm_update_enc_state

i.ll_conn_fsm_update_state
                0x00003584        0x4
 i.ll_conn_fsm_update_state
                0x00003584        0x4 C:\Program Files (x86)\Cypress\PSoC Creator\3.1\PSoC Creator\psoc\content\cycomponentlibraryupdates\CyComponentLibraryUpdates.cylib\BLE_v1_10\Library\gccCyBLEStack_BLE_SOC_PERIPHERAL.a(ll_connection.o)
                0x00003584                ll_conn_fsm_update_state

i.ll_conn_handle_data_pdu_from_host_when_data_paused
                0x00003588        0x8
 i.ll_conn_handle_data_pdu_from_host_when_data_paused
                0x00003588        0x8 C:\Program Files (x86)\Cypress\PSoC Creator\3.1\PSoC Creator\psoc\content\cycomponentlibraryupdates\CyComponentLibraryUpdates.cylib\BLE_v1_10\Library\gccCyBLEStack_BLE_SOC_PERIPHERAL.a(ll_connection.o)
                0x00003588                ll_conn_handle_data_pdu_from_host_when_data_paused

i.ll_conn_handle_direct_adv_timeout
                0x00003590       0x2a
 i.ll_conn_handle_direct_adv_timeout
                0x00003590       0x2a C:\Program Files (x86)\Cypress\PSoC Creator\3.1\PSoC Creator\psoc\content\cycomponentlibraryupdates\CyComponentLibraryUpdates.cylib\BLE_v1_10\Library\gccCyBLEStack_BLE_SOC_PERIPHERAL.a(ll_connection.o)
                0x00003590                ll_conn_handle_direct_adv_timeout

i.ll_conn_handle_ping_timer_expired_interrupt
                0x000035bc       0x1c
 i.ll_conn_handle_ping_timer_expired_interrupt
                0x000035bc       0x1c C:\Program Files (x86)\Cypress\PSoC Creator\3.1\PSoC Creator\psoc\content\cycomponentlibraryupdates\CyComponentLibraryUpdates.cylib\BLE_v1_10\Library\gccCyBLEStack_BLE_SOC_PERIPHERAL.a(ll_connection.o)
                0x000035bc                ll_conn_handle_ping_timer_expired_interrupt

i.ll_conn_handle_ping_timer_nearly_expired_interrupt
                0x000035d8       0x20
 i.ll_conn_handle_ping_timer_nearly_expired_interrupt
                0x000035d8       0x20 C:\Program Files (x86)\Cypress\PSoC Creator\3.1\PSoC Creator\psoc\content\cycomponentlibraryupdates\CyComponentLibraryUpdates.cylib\BLE_v1_10\Library\gccCyBLEStack_BLE_SOC_PERIPHERAL.a(ll_connection.o)
                0x000035d8                ll_conn_handle_ping_timer_nearly_expired_interrupt

i.ll_conn_handle_stop_connectable_adv
                0x000035f8       0x12
 i.ll_conn_handle_stop_connectable_adv
                0x000035f8       0x12 C:\Program Files (x86)\Cypress\PSoC Creator\3.1\PSoC Creator\psoc\content\cycomponentlibraryupdates\CyComponentLibraryUpdates.cylib\BLE_v1_10\Library\gccCyBLEStack_BLE_SOC_PERIPHERAL.a(ll_connection.o)
                0x000035f8                ll_conn_handle_stop_connectable_adv

i.ll_conn_process_pending_transactions
                0x0000360a        0x4
 i.ll_conn_process_pending_transactions
                0x0000360a        0x4 C:\Program Files (x86)\Cypress\PSoC Creator\3.1\PSoC Creator\psoc\content\cycomponentlibraryupdates\CyComponentLibraryUpdates.cylib\BLE_v1_10\Library\gccCyBLEStack_BLE_SOC_PERIPHERAL.a(ll_connection.o)
                0x0000360a                ll_conn_process_pending_transactions

i.ll_conn_program_authenticated_payload_timer
                0x00003610       0x50
 i.ll_conn_program_authenticated_payload_timer
                0x00003610       0x50 C:\Program Files (x86)\Cypress\PSoC Creator\3.1\PSoC Creator\psoc\content\cycomponentlibraryupdates\CyComponentLibraryUpdates.cylib\BLE_v1_10\Library\gccCyBLEStack_BLE_SOC_PERIPHERAL.a(ll_connection.o)
                0x00003610                ll_conn_program_authenticated_payload_timer

i.ll_conn_read_data_pdu_from_hardware
                0x00003660       0x14
 i.ll_conn_read_data_pdu_from_hardware
                0x00003660       0x14 C:\Program Files (x86)\Cypress\PSoC Creator\3.1\PSoC Creator\psoc\content\cycomponentlibraryupdates\CyComponentLibraryUpdates.cylib\BLE_v1_10\Library\gccCyBLEStack_BLE_SOC_PERIPHERAL.a(ll_connection.o)
                0x00003660                ll_conn_read_data_pdu_from_hardware

i.ll_conn_send_ping_req_pdu
                0x00003674       0x40
 i.ll_conn_send_ping_req_pdu
                0x00003674       0x40 C:\Program Files (x86)\Cypress\PSoC Creator\3.1\PSoC Creator\psoc\content\cycomponentlibraryupdates\CyComponentLibraryUpdates.cylib\BLE_v1_10\Library\gccCyBLEStack_BLE_SOC_PERIPHERAL.a(ll_connection.o)
                0x00003674                ll_conn_send_ping_req_pdu

i.ll_conn_store_pending_tx_pdu
                0x000036b4       0x1a
 i.ll_conn_store_pending_tx_pdu
                0x000036b4       0x1a C:\Program Files (x86)\Cypress\PSoC Creator\3.1\PSoC Creator\psoc\content\cycomponentlibraryupdates\CyComponentLibraryUpdates.cylib\BLE_v1_10\Library\gccCyBLEStack_BLE_SOC_PERIPHERAL.a(ll_connection.o)
                0x000036b4                ll_conn_store_pending_tx_pdu

i.ll_conn_update_rssi
                0x000036ce       0x16
 i.ll_conn_update_rssi
                0x000036ce       0x16 C:\Program Files (x86)\Cypress\PSoC Creator\3.1\PSoC Creator\psoc\content\cycomponentlibraryupdates\CyComponentLibraryUpdates.cylib\BLE_v1_10\Library\gccCyBLEStack_BLE_SOC_PERIPHERAL.a(ll_connection.o)
                0x000036ce                ll_conn_update_rssi

i.ll_convert_hci_llid_to_ll_llid_host_to_controller
                0x000036e4        0x8
 i.ll_convert_hci_llid_to_ll_llid_host_to_controller
                0x000036e4        0x8 C:\Program Files (x86)\Cypress\PSoC Creator\3.1\PSoC Creator\psoc\content\cycomponentlibraryupdates\CyComponentLibraryUpdates.cylib\BLE_v1_10\Library\gccCyBLEStack_BLE_SOC_PERIPHERAL.a(ll_connection.o)
                0x000036e4                ll_convert_hci_llid_to_ll_llid_host_to_controller

i.ll_convert_ll_llid_to_hci_llid_controller_to_host
                0x000036ec        0x2
 i.ll_convert_ll_llid_to_hci_llid_controller_to_host
                0x000036ec        0x2 C:\Program Files (x86)\Cypress\PSoC Creator\3.1\PSoC Creator\psoc\content\cycomponentlibraryupdates\CyComponentLibraryUpdates.cylib\BLE_v1_10\Library\gccCyBLEStack_BLE_SOC_PERIPHERAL.a(ll_connection.o)
                0x000036ec                ll_convert_ll_llid_to_hci_llid_controller_to_host

i.ll_decode_and_program_connect_req
                0x000036f0       0xec
 i.ll_decode_and_program_connect_req
                0x000036f0       0xec C:\Program Files (x86)\Cypress\PSoC Creator\3.1\PSoC Creator\psoc\content\cycomponentlibraryupdates\CyComponentLibraryUpdates.cylib\BLE_v1_10\Library\gccCyBLEStack_BLE_SOC_PERIPHERAL.a(ll_connection.o)
                0x000036f0                ll_decode_and_program_connect_req

i.ll_enc_fsm_derive_session_key
                0x000037dc       0x46
 i.ll_enc_fsm_derive_session_key
                0x000037dc       0x46 C:\Program Files (x86)\Cypress\PSoC Creator\3.1\PSoC Creator\psoc\content\cycomponentlibraryupdates\CyComponentLibraryUpdates.cylib\BLE_v1_10\Library\gccCyBLEStack_BLE_SOC_PERIPHERAL.a(ll_connection.o)
                0x000037dc                ll_enc_fsm_derive_session_key

i.ll_enc_handle_enc_complete
                0x00003822       0x68
 i.ll_enc_handle_enc_complete
                0x00003822       0x68 C:\Program Files (x86)\Cypress\PSoC Creator\3.1\PSoC Creator\psoc\content\cycomponentlibraryupdates\CyComponentLibraryUpdates.cylib\BLE_v1_10\Library\gccCyBLEStack_BLE_SOC_PERIPHERAL.a(ll_connection.o)
                0x00003822                ll_enc_handle_enc_complete

i.ll_enc_handle_enc_failure
                0x0000388c       0xa4
 i.ll_enc_handle_enc_failure
                0x0000388c       0xa4 C:\Program Files (x86)\Cypress\PSoC Creator\3.1\PSoC Creator\psoc\content\cycomponentlibraryupdates\CyComponentLibraryUpdates.cylib\BLE_v1_10\Library\gccCyBLEStack_BLE_SOC_PERIPHERAL.a(ll_connection.o)
                0x0000388c                ll_enc_handle_enc_failure

i.ll_enc_handle_ll_reject_pdu_cb
                0x00003930       0x24
 i.ll_enc_handle_ll_reject_pdu_cb
                0x00003930       0x24 C:\Program Files (x86)\Cypress\PSoC Creator\3.1\PSoC Creator\psoc\content\cycomponentlibraryupdates\CyComponentLibraryUpdates.cylib\BLE_v1_10\Library\gccCyBLEStack_BLE_SOC_PERIPHERAL.a(ll_connection.o)
                0x00003930                ll_enc_handle_ll_reject_pdu_cb

i.ll_enc_handle_ll_terminate_pdu
                0x00003954       0x16
 i.ll_enc_handle_ll_terminate_pdu
                0x00003954       0x16 C:\Program Files (x86)\Cypress\PSoC Creator\3.1\PSoC Creator\psoc\content\cycomponentlibraryupdates\CyComponentLibraryUpdates.cylib\BLE_v1_10\Library\gccCyBLEStack_BLE_SOC_PERIPHERAL.a(ll_connection.o)
                0x00003954                ll_enc_handle_ll_terminate_pdu

i.ll_enc_handle_ll_unknown_resp_pdu_cb
                0x0000396a       0x24
 i.ll_enc_handle_ll_unknown_resp_pdu_cb
                0x0000396a       0x24 C:\Program Files (x86)\Cypress\PSoC Creator\3.1\PSoC Creator\psoc\content\cycomponentlibraryupdates\CyComponentLibraryUpdates.cylib\BLE_v1_10\Library\gccCyBLEStack_BLE_SOC_PERIPHERAL.a(ll_connection.o)
                0x0000396a                ll_enc_handle_ll_unknown_resp_pdu_cb

i.ll_enc_handle_slave_await_to_start_cb
                0x00003990       0x80
 i.ll_enc_handle_slave_await_to_start_cb
                0x00003990       0x80 C:\Program Files (x86)\Cypress\PSoC Creator\3.1\PSoC Creator\psoc\content\cycomponentlibraryupdates\CyComponentLibraryUpdates.cylib\BLE_v1_10\Library\gccCyBLEStack_BLE_SOC_PERIPHERAL.a(ll_connection.o)
                0x00003990                ll_enc_handle_slave_await_to_start_cb

i.ll_enc_handle_slave_enc_resp_ack_cb
                0x00003a10       0x28
 i.ll_enc_handle_slave_enc_resp_ack_cb
                0x00003a10       0x28 C:\Program Files (x86)\Cypress\PSoC Creator\3.1\PSoC Creator\psoc\content\cycomponentlibraryupdates\CyComponentLibraryUpdates.cylib\BLE_v1_10\Library\gccCyBLEStack_BLE_SOC_PERIPHERAL.a(ll_connection.o)
                0x00003a10                ll_enc_handle_slave_enc_resp_ack_cb

i.ll_enc_handle_slave_ltk_neg_reply_cb
                0x00003a38       0x60
 i.ll_enc_handle_slave_ltk_neg_reply_cb
                0x00003a38       0x60 C:\Program Files (x86)\Cypress\PSoC Creator\3.1\PSoC Creator\psoc\content\cycomponentlibraryupdates\CyComponentLibraryUpdates.cylib\BLE_v1_10\Library\gccCyBLEStack_BLE_SOC_PERIPHERAL.a(ll_connection.o)
                0x00003a38                ll_enc_handle_slave_ltk_neg_reply_cb

i.ll_enc_handle_slave_pause_enc_req_cb
                0x00003a98       0x46
 i.ll_enc_handle_slave_pause_enc_req_cb
                0x00003a98       0x46 C:\Program Files (x86)\Cypress\PSoC Creator\3.1\PSoC Creator\psoc\content\cycomponentlibraryupdates\CyComponentLibraryUpdates.cylib\BLE_v1_10\Library\gccCyBLEStack_BLE_SOC_PERIPHERAL.a(ll_connection.o)
                0x00003a98                ll_enc_handle_slave_pause_enc_req_cb

i.ll_enc_handle_slave_pause_enc_resp_cb
                0x00003ade       0x10
 i.ll_enc_handle_slave_pause_enc_resp_cb
                0x00003ade       0x10 C:\Program Files (x86)\Cypress\PSoC Creator\3.1\PSoC Creator\psoc\content\cycomponentlibraryupdates\CyComponentLibraryUpdates.cylib\BLE_v1_10\Library\gccCyBLEStack_BLE_SOC_PERIPHERAL.a(ll_connection.o)
                0x00003ade                ll_enc_handle_slave_pause_enc_resp_cb

i.ll_enc_handle_slave_reject_ind_ack_cb
                0x00003aee       0x22
 i.ll_enc_handle_slave_reject_ind_ack_cb
                0x00003aee       0x22 C:\Program Files (x86)\Cypress\PSoC Creator\3.1\PSoC Creator\psoc\content\cycomponentlibraryupdates\CyComponentLibraryUpdates.cylib\BLE_v1_10\Library\gccCyBLEStack_BLE_SOC_PERIPHERAL.a(ll_connection.o)
                0x00003aee                ll_enc_handle_slave_reject_ind_ack_cb

i.ll_enc_handle_slave_start_enc_resp_ack_cb
                0x00003b10        0x8
 i.ll_enc_handle_slave_start_enc_resp_ack_cb
                0x00003b10        0x8 C:\Program Files (x86)\Cypress\PSoC Creator\3.1\PSoC Creator\psoc\content\cycomponentlibraryupdates\CyComponentLibraryUpdates.cylib\BLE_v1_10\Library\gccCyBLEStack_BLE_SOC_PERIPHERAL.a(ll_connection.o)
                0x00003b10                ll_enc_handle_slave_start_enc_resp_ack_cb

i.ll_enc_handle_slave_start_enc_resp_cb
                0x00003b18       0x34
 i.ll_enc_handle_slave_start_enc_resp_cb
                0x00003b18       0x34 C:\Program Files (x86)\Cypress\PSoC Creator\3.1\PSoC Creator\psoc\content\cycomponentlibraryupdates\CyComponentLibraryUpdates.cylib\BLE_v1_10\Library\gccCyBLEStack_BLE_SOC_PERIPHERAL.a(ll_connection.o)
                0x00003b18                ll_enc_handle_slave_start_enc_resp_cb

i.ll_enc_send_start_encryption_request
                0x00003b4c       0x38
 i.ll_enc_send_start_encryption_request
                0x00003b4c       0x38 C:\Program Files (x86)\Cypress\PSoC Creator\3.1\PSoC Creator\psoc\content\cycomponentlibraryupdates\CyComponentLibraryUpdates.cylib\BLE_v1_10\Library\gccCyBLEStack_BLE_SOC_PERIPHERAL.a(ll_connection.o)
                0x00003b4c                ll_enc_send_start_encryption_request

i.ll_extract_pdu_opcode
                0x00003b84        0x4
 i.ll_extract_pdu_opcode
                0x00003b84        0x4 C:\Program Files (x86)\Cypress\PSoC Creator\3.1\PSoC Creator\psoc\content\cycomponentlibraryupdates\CyComponentLibraryUpdates.cylib\BLE_v1_10\Library\gccCyBLEStack_BLE_SOC_PERIPHERAL.a(ll_connection.o)
                0x00003b84                ll_extract_pdu_opcode

i.ll_fsm_handle_conn_established_ind
                0x00003b88       0x7c
 i.ll_fsm_handle_conn_established_ind
                0x00003b88       0x7c C:\Program Files (x86)\Cypress\PSoC Creator\3.1\PSoC Creator\psoc\content\cycomponentlibraryupdates\CyComponentLibraryUpdates.cylib\BLE_v1_10\Library\gccCyBLEStack_BLE_SOC_PERIPHERAL.a(ll_connection.o)
                0x00003b88                ll_fsm_handle_conn_established_ind

i.ll_fsm_handle_conn_failure_ind
                0x00003c04        0xc
 i.ll_fsm_handle_conn_failure_ind
                0x00003c04        0xc C:\Program Files (x86)\Cypress\PSoC Creator\3.1\PSoC Creator\psoc\content\cycomponentlibraryupdates\CyComponentLibraryUpdates.cylib\BLE_v1_10\Library\gccCyBLEStack_BLE_SOC_PERIPHERAL.a(ll_connection.o)
                0x00003c04                ll_fsm_handle_conn_failure_ind

i.ll_fsm_handle_disconnecting_state
                0x00003c10       0x16
 i.ll_fsm_handle_disconnecting_state